MongoDB server version: 4.2.9
{
	"podocyte" : {
		"count" : 3,
		"syllables" : [
			"po",
			"do",
			"cyte"
		]
	},
	"pedicels" : {
		"count" : 3,
		"syllables" : [
			"pe",
			"di",
			"cels"
		]
	},
	"subdivisions" : {
		"count" : 4,
		"syllables" : [
			"sub",
			"di",
			"vi",
			"sions"
		]
	},
	"proximal tubule" : {
		"count" : 5,
		"syllables" : [
			"pro",
			"xi",
			"mal",
			"tu",
			"bule"
		]
	},
	"renal medulla" : {
		"count" : 4,
		"syllables" : [
			"re",
			"nal me",
			"du",
			"lla"
		]
	},
	"striated" : {
		"count" : 3,
		"syllables" : [
			"stri",
			"a",
			"ted"
		]
	},
	"epithelialcells" : {
		"count" : 6,
		"syllables" : [
			"e",
			"pi",
			"the",
			"li",
			"al",
			"cells"
		]
	},
	"glomerulus" : {
		"count" : 4,
		"syllables" : [
			"glo",
			"mer",
			"u",
			"lus"
		]
	},
	"visceral layer" : {
		"count" : 5,
		"syllables" : [
			"vi",
			"scer",
			"a",
			"l lay",
			"er"
		]
	},
	"outer parietal layer" : {
		"count" : 8,
		"syllables" : [
			"ou",
			"ter",
			"par",
			"i",
			"e",
			"ta",
			"l lay",
			"er"
		]
	},
	"epithelial cells" : {
		"count" : 7,
		"syllables" : [
			"e",
			"pi",
			"the",
			"li",
			"al",
			"",
			"cells"
		]
	},
	"podocytes" : {
		"count" : 3,
		"syllables" : [
			"po",
			"do",
			"cytes"
		]
	},
	"parietal layer" : {
		"count" : 6,
		"syllables" : [
			"par",
			"i",
			"e",
			"ta",
			"l lay",
			"er"
		]
	},
	"originates" : {
		"count" : 4,
		"syllables" : [
			"or",
			"i",
			"gi",
			"nates"
		]
	},
	"peritubular capillaries" : {
		"count" : 9,
		"syllables" : [
			"pe",
			"ri",
			"tu",
			"bu",
			"lar",
			"ca",
			"pi",
			"lla",
			"ries"
		]
	},
	"capillaries" : {
		"count" : 4,
		"syllables" : [
			"ca",
			"pi",
			"lla",
			"ries"
		]
	},
	"efferent arterioles" : {
		"count" : 8,
		"syllables" : [
			"e",
			"ffer",
			"e",
			"nt",
			"ar",
			"te",
			"ri",
			"oles"
		]
	},
	"interstitial fluid" : {
		"count" : 6,
		"syllables" : [
			"in",
			"ter",
			"sti",
			"tial",
			"flu",
			"id"
		]
	},
	"parietal peritoneum" : {
		"count" : 9,
		"syllables" : [
			"par",
			"i",
			"e",
			"ta",
			"l",
			"per",
			"i",
			"to",
			"neum"
		]
	},
	"vertebral column" : {
		"count" : 6,
		"syllables" : [
			"ver",
			"te",
			"bra",
			"l",
			"co",
			"lumn"
		]
	},
	"muscular peristaltic waves" : {
		"count" : 9,
		"syllables" : [
			"mus",
			"cu",
			"lar",
			"per",
			"i",
			"stal",
			"ti",
			"c",
			"waves"
		]
	},
	"umbilicus" : {
		"count" : 4,
		"syllables" : [
			"um",
			"bi",
			"li",
			"cus"
		]
	},
	"small intestine" : {
		"count" : 5,
		"syllables" : [
			"sma",
			"ll",
			"in",
			"te",
			"stine"
		]
	},
	"glomerular capillaries" : {
		"count" : 8,
		"syllables" : [
			"glo",
			"me",
			"ru",
			"lar",
			"ca",
			"pi",
			"lla",
			"ries"
		]
	},
	"efferent arteriole" : {
		"count" : 8,
		"syllables" : [
			"e",
			"ffer",
			"e",
			"nt",
			"ar",
			"te",
			"ri",
			"ole"
		]
	},
	"renal cortex" : {
		"count" : 5,
		"syllables" : [
			"re",
			"na",
			"l",
			"cor",
			"tex"
		]
	},
	"renal corpuscle" : {
		"count" : 5,
		"syllables" : [
			"re",
			"na",
			"l",
			"cor",
			"puscle"
		]
	},
	"renal pyramids" : {
		"count" : 6,
		"syllables" : [
			"re",
			"na",
			"l",
			"pyr",
			"a",
			"mids"
		]
	},
	"creatinine" : {
		"count" : 4,
		"syllables" : [
			"cre",
			"a",
			"ti",
			"nine"
		]
	},
	"excretion" : {
		"count" : 3,
		"syllables" : [
			"e",
			"xcre",
			"tion"
		]
	},
	"renal papillae" : {
		"count" : 5,
		"syllables" : [
			"re",
			"nal",
			"pa",
			"pi",
			"llae"
		]
	},
	"fibrous membrane" : {
		"count" : 5,
		"syllables" : [
			"fi",
			"brou",
			"s",
			"mem",
			"brane"
		]
	},
	"glomerular membranes" : {
		"count" : 6,
		"syllables" : [
			"glo",
			"me",
			"ru",
			"lar",
			"mem",
			"branes"
		]
	},
	"glomerular filtrate" : {
		"count" : 7,
		"syllables" : [
			"glo",
			"me",
			"ru",
			"lar",
			"",
			"fil",
			"trate"
		]
	},
	"afferent" : {
		"count" : 3,
		"syllables" : [
			"a",
			"ffer",
			"ent"
		]
	},
	"pubic symphysis" : {
		"count" : 6,
		"syllables" : [
			"pu",
			"bi",
			"c",
			"sym",
			"phy",
			"sis"
		]
	},
	"filtration" : {
		"count" : 3,
		"syllables" : [
			"fil",
			"tra",
			"tion"
		]
	},
	"net filtration pressure" : {
		"count" : 7,
		"syllables" : [
			"ne",
			"t",
			"fil",
			"tra",
			"tion",
			"pre",
			"ssure"
		]
	},
	"posteriorly" : {
		"count" : 5,
		"syllables" : [
			"po",
			"ste",
			"ri",
			"or",
			"ly"
		]
	},
	"countercurrent" : {
		"count" : 4,
		"syllables" : [
			"cou",
			"nter",
			"curr",
			"ent"
		]
	},
	"reabsorption" : {
		"count" : 4,
		"syllables" : [
			"re",
			"ab",
			"sorp",
			"tion"
		]
	},
	"bloodstream" : {
		"count" : 2,
		"syllables" : [
			"blood",
			"stream"
		]
	},
	"countercurrent multiplier" : {
		"count" : 9,
		"syllables" : [
			"cou",
			"nter",
			"curr",
			"ent",
			"",
			"mul",
			"ti",
			"pli",
			"er"
		]
	},
	"juxtamedullary nephrons" : {
		"count" : 6,
		"syllables" : [
			"ju",
			"xtame",
			"du",
			"lla",
			"ry ne",
			"phrons"
		]
	},
	"to summarize" : {
		"count" : 4,
		"syllables" : [
			"to",
			"su",
			"mmar",
			"ize"
		]
	},
	"glomerular hydrostatic pressure" : {
		"count" : 10,
		"syllables" : [
			"glo",
			"me",
			"ru",
			"lar",
			"hy",
			"dro",
			"sta",
			"tic",
			"pre",
			"ssure"
		]
	},
	"glomerular capsule" : {
		"count" : 7,
		"syllables" : [
			"glo",
			"me",
			"ru",
			"lar",
			"",
			"cap",
			"sule"
		]
	},
	"epithelium" : {
		"count" : 5,
		"syllables" : [
			"e",
			"pi",
			"the",
			"li",
			"um"
		]
	},
	"adh secretion" : {
		"count" : 4,
		"syllables" : [
			"adh",
			"se",
			"cre",
			"tion"
		]
	},
	"abdominal wall" : {
		"count" : 6,
		"syllables" : [
			"ab",
			"do",
			"mi",
			"na",
			"l",
			"wall"
		]
	},
	"medullary interstitial fluid" : {
		"count" : 10,
		"syllables" : [
			"me",
			"du",
			"llar",
			"y",
			"in",
			"ter",
			"sti",
			"tial",
			"flu",
			"id"
		]
	},
	"urogenital diaphragm" : {
		"count" : 10,
		"syllables" : [
			"ur",
			"o",
			"ge",
			"ni",
			"tal",
			"",
			"di",
			"a",
			"ph",
			"ragm"
		]
	},
	"hypertonic fluid" : {
		"count" : 6,
		"syllables" : [
			"hy",
			"per",
			"to",
			"nic",
			"flu",
			"id"
		]
	},
	"thick ascending limb" : {
		"count" : 6,
		"syllables" : [
			"thi",
			"ck",
			"a",
			"scen",
			"ding",
			"limb"
		]
	},
	"glomerular filtration" : {
		"count" : 8,
		"syllables" : [
			"glo",
			"me",
			"ru",
			"lar",
			"",
			"fil",
			"tra",
			"tion"
		]
	},
	"potassium secretion" : {
		"count" : 7,
		"syllables" : [
			"po",
			"ta",
			"ssi",
			"um",
			"se",
			"cre",
			"tion"
		]
	},
	"interstitial nacl concentration" : {
		"count" : 11,
		"syllables" : [
			"in",
			"ter",
			"sti",
			"tial",
			"n",
			"ac",
			"l",
			"con",
			"cen",
			"tra",
			"tion"
		]
	},
	"ascending limb" : {
		"count" : 4,
		"syllables" : [
			"a",
			"scen",
			"ding",
			"limb"
		]
	},
	"countercurrent flow" : {
		"count" : 6,
		"syllables" : [
			"cou",
			"nter",
			"curr",
			"ent",
			"",
			"flow"
		]
	},
	"metabolism" : {
		"count" : 5,
		"syllables" : [
			"me",
			"ta",
			"bo",
			"li",
			"sm"
		]
	},
	"sufficient nutrients" : {
		"count" : 7,
		"syllables" : [
			"su",
			"ffi",
			"cien",
			"t",
			"nu",
			"tri",
			"ents"
		]
	},
	"many microvilli" : {
		"count" : 6,
		"syllables" : [
			"ma",
			"ny",
			"mi",
			"cro",
			"vi",
			"lli"
		]
	},
	"surfaces" : {
		"count" : 3,
		"syllables" : [
			"sur",
			"fa",
			"ces"
		]
	},
	"peritubular capillary" : {
		"count" : 9,
		"syllables" : [
			"pe",
			"ri",
			"tu",
			"bu",
			"lar",
			"ca",
			"pi",
			"lla",
			"ry"
		]
	},
	"certain substances" : {
		"count" : 5,
		"syllables" : [
			"cer",
			"tain",
			"sub",
			"stan",
			"ces"
		]
	},
	"tubular secretion" : {
		"count" : 6,
		"syllables" : [
			"tu",
			"bu",
			"lar",
			"se",
			"cre",
			"tion"
		]
	},
	"considerably" : {
		"count" : 5,
		"syllables" : [
			"con",
			"si",
			"der",
			"a",
			"bly"
		]
	},
	"renal tubule" : {
		"count" : 4,
		"syllables" : [
			"re",
			"nal",
			"tu",
			"bule"
		]
	},
	"peritubular capillary plasma" : {
		"count" : 12,
		"syllables" : [
			"pe",
			"ri",
			"tu",
			"bu",
			"lar",
			"ca",
			"pi",
			"lla",
			"ry",
			"p",
			"las",
			"ma"
		]
	},
	"sodium reabsorption" : {
		"count" : 7,
		"syllables" : [
			"so",
			"di",
			"um",
			"re",
			"ab",
			"sorp",
			"tion"
		]
	},
	"angiotensin ii" : {
		"count" : 6,
		"syllables" : [
			"an",
			"gi",
			"o",
			"ten",
			"si",
			"n ii"
		]
	},
	"juxtaglomerular cells" : {
		"count" : 8,
		"syllables" : [
			"ju",
			"xta",
			"glo",
			"me",
			"ru",
			"la",
			"r",
			"cells"
		]
	},
	"renal baroreceptors" : {
		"count" : 8,
		"syllables" : [
			"re",
			"na",
			"l",
			"ba",
			"ro",
			"re",
			"cep",
			"tors"
		]
	},
	"stimulation" : {
		"count" : 4,
		"syllables" : [
			"sti",
			"mu",
			"la",
			"tion"
		]
	},
	"afferent arterioles" : {
		"count" : 8,
		"syllables" : [
			"a",
			"ffer",
			"e",
			"nt",
			"ar",
			"te",
			"ri",
			"oles"
		]
	},
	"afferent arteriole" : {
		"count" : 8,
		"syllables" : [
			"a",
			"ffer",
			"e",
			"nt",
			"ar",
			"te",
			"ri",
			"ole"
		]
	},
	"aquaporins" : {
		"count" : 4,
		"syllables" : [
			"aq",
			"ua",
			"po",
			"rins"
		]
	},
	"cell membranes" : {
		"count" : 3,
		"syllables" : [
			"cell",
			"mem",
			"branes"
		]
	},
	"tubularfluid" : {
		"count" : 5,
		"syllables" : [
			"tu",
			"bu",
			"lar",
			"flu",
			"id"
		]
	},
	"hypertonic" : {
		"count" : 4,
		"syllables" : [
			"hy",
			"per",
			"to",
			"nic"
		]
	},
	"hypotonic" : {
		"count" : 4,
		"syllables" : [
			"hy",
			"po",
			"to",
			"nic"
		]
	},
	"yes" : {
		"count" : 1,
		"syllables" : [
			"yes"
		]
	}
}
true
[
	[
		"jH398gQm32CDaqRvE",
		"23JTiG9yz7LKTAawC",
		"Xga2vK2h7NJA9Wjkh",
		"KhoNWm4qWpXtQEP3a",
		"XbzgJytRMGGhmrzew",
		"BqbpmoZYYpPak9mMm",
		"Npn3zXaXQhiWT8a2v",
		"9jy6QmK5oK55nSYsL",
		"7jf8k2tf8WzbZrGPu",
		"qEnCPArQZppk5r3dw",
		"avod3gtTNfiEGdXu5",
		"jG85LaqpuD6BJM32y",
		"ZHCHvArDPzFa8wNaL",
		"vGi2r9DrujSA6TJHd",
		"thXRzWtboZ6MsNJBu",
		"QbrxyZ8Mib8ABauyW",
		"Fbt5NdZWgSfiryCvS",
		"CdnaXYG3rTZYusMrE",
		"zDxFoNoFpozfrJhoL",
		"gQS9rdRmJpnKj3RYv",
		"5APPfyA7eFYABxR6W",
		"wJpS4dWrhgCKZBjRZ",
		"qSD84KfLkwYJ7LMNX",
		"nmfH7dSDA9gAo5ySs",
		"AJebdfdQZ7WZt4aG7",
		"w9Bi4yM3wpM8cihWZ",
		"RYpLzsk43JjvQDKja",
		"XdKapwg72ss3mLzk8",
		"WccQzbPsgmPKNKsRm",
		"SpLaY95z3SzS2N8a3",
		"LchX8od3gkKv9JFoq",
		"8yb8ztgaHXTpWZmvg",
		"f36SYX8TFNoz5SNxC",
		"5kyJc4bXtLJp3oodG",
		"8Bo9LzXNAuQniHJEy",
		"uiS8SW6bjpPrESNGY",
		"jyRCm5Lkc8GPA2Ag3",
		"vcKXDBJmawsicRRsP",
		"LnCvfrLJDm77kx9k3",
		"gATcvQEt5JLooC9Ma",
		"RhmRZcF2tmvwdyuYu",
		"Mm7pm6F2oWyM7xJuS",
		"xfJdeBYiruJnxXoic",
		"5F6kRMWLWejggsRXQ",
		"azutrutA6WG9ajdRz",
		"CGdLQKxgu4PpDdKfZ",
		"szGzxL4LyFCkBC6pw",
		"BHWTSF8PYSfBtrGhf",
		"bCB7AyNcjPezBiQTC",
		"FycPxDMg9yZ63c8ar",
		"RntiwZDSSXBDrTphe",
		"nd2dkpjzFZ6DRT5EC",
		"WM4Wc4Ht8shje3Yim",
		"hFe2SfQiZZcMYBMCB",
		"QzY7Pu5QvDRYH6dn9",
		"JxpgPrnBB7LCEsrNQ",
		"aJwuoxtZM3gkjoKDQ",
		"BsFuNe9btFQ9kfHqN",
		"iGWhJFPKtwjLYDpCb",
		"LhkiR5ZfkYjyvddR8",
		"cy9oWe5hJ9ytdFTQM",
		"ku5NDYFMfqRGSWBNa",
		"gg5eownMG4kx4LhBz",
		"JRW25kwzGQdaHQEXh",
		"F7WtHZJQnZk4zLe8x",
		"SAFrsgYYc4RSRHktP",
		"JFvidpJeFxEw2B9RP",
		"h77MTB94EXunHWSC3",
		"Zw8CNPBxPdpriPrey",
		"y2EcYAojkyjanseJ8",
		"D8BhvBFdQdWbadYCH",
		"6sP9YBtj7qstoEqw7",
		"3BcYr7ewNNkSuhhit",
		"tz88udmiMqaMLTGRt",
		"Y5EkxRXz2aZgiwDYk",
		"RhZ6EfPNexKtjtmyW",
		"AicsccZPysYZNfQx6",
		"AQRMvzhEyFmkFWMEY",
		"Ytz9WwZ9rxg2zgFir",
		"p68mgf9k5WrLB8pan",
		"NM2MQSwSEd5ap5HBY",
		"XDwthdxLEJj8bNZMT",
		"fbMDzWk9K9F9geLWA",
		"eF7GXhojbe68dbYwu"
	],
	{
		"XeiMST7csDBu7L7Yb" : {
			"Chapter_11_ambanker_2020_04_22T21_04_41_317Z_SP_2020_TDF_xml" : [
				"no syllable data: ",
				[
					true,
					undefined,
					{
						"action" : "question",
						"clientSideTimeStamp" : 1590878955848,
						"clusterIndex" : 335,
						"shufIndex" : 335,
						"questionIndex" : 1,
						"currentUnit" : 1,
						"curSubTdfIndex" : 0,
						"selectedQuestion" : "Did you read the chapter (yes/no)?",
						"selectedAnswer" : "Yes~Excellent this should make the practice more effective.;.*~That may not be the best choice. We suggest going back and reading the chapter. ",
						"showOverlearningText" : false,
						"testType" : "d",
						"selType" : "schedule",
						"selectVal" : 335,
						"whichStim" : 0,
						"serverSideTimeStamp" : 1590878955887
					},
					{
						"action" : "answer",
						"clientSideTimeStamp" : 1590878957814,
						"questionIndex" : 1,
						"index" : 335,
						"shufIndex" : 335,
						"ttype" : "d",
						"qtype" : "C",
						"guiSource" : "keypress",
						"answer" : "yes",
						"isCorrect" : true,
						"trialStartTimestamp" : 1590878955915,
						"firstActionTimestamp" : 1590878957335,
						"startLatency" : 1420,
						"endLatency" : 1899,
						"wasButtonTrial" : false,
						"buttonOrder" : "",
						"reviewLatency" : 8009,
						"inferredReviewLatency" : 0,
						"wasSim" : 0,
						"displayedSystemResponse" : "Excellent this should make the practice more effective.",
						"forceCorrectFeedback" : "",
						"audioInputEnabled" : false,
						"audioOutputEnabled" : false,
						"currentAnswerSyllables" : "",
						"serverSideTimeStamp" : 1590878965866
					}
				]
			]
		},
		"jH398gQm32CDaqRvE" : {
			"Banker:_Chapter_1_ambanker_2020_08_26T15_43_06_096Z_FA_2020_TDF_xml" : [
				16
			],
			"Chapter_2_ambanker_2020_09_16T14_11_55_913Z_FA_2020_TDF_xml" : [
				16,
				18,
				20,
				22,
				24,
				26,
				28,
				30
			],
			"Chapter_3_ambanker_2020_09_16T14_20_50_630Z_FA_2020_TDF_xml" : [
				16,
				18,
				20,
				22,
				24,
				26,
				28,
				30,
				32,
				34,
				36,
				38,
				40,
				42,
				44
			]
		},
		"23JTiG9yz7LKTAawC" : {
			"Chapter_1_ambanker_2021_02_24T15_03_15_768Z_SP_2021_TDF_xml" : [
				22,
				24,
				30,
				36,
				38,
				40,
				42,
				44,
				46,
				48,
				50,
				52,
				54,
				56,
				58
			],
			"Chapter_2_ambanker_2021_02_24T15_03_49_837Z_SP_2021_TDF_xml" : [
				18,
				20,
				22,
				24,
				26,
				28,
				30,
				36,
				38,
				40,
				42,
				44,
				46,
				48,
				50
			],
			"Chapter_3_ambanker_2021_02_24T15_04_09_436Z_SP_2021_TDF_xml" : [
				18,
				20,
				22,
				24,
				30,
				32,
				34,
				36,
				38,
				39,
				45,
				47,
				49,
				51,
				53
			],
			"Banker:_Chapter_13_ambanker_2020_08_26T15_27_25_408Z_SP_2021_TDF_xml" : [
				18,
				20,
				22,
				24,
				26,
				28,
				30,
				32,
				34,
				36,
				38,
				40,
				42,
				44,
				46
			],
			"Chapter_22_ambanker_2020_09_16T14_35_02_727Z_SP_2021_TDF_xml" : [
				18,
				24,
				26,
				28,
				30,
				32,
				34,
				36,
				38,
				40,
				42,
				44,
				46,
				48,
				50
			],
			"Chapter_19_ambanker_2020_10_09T15_16_38_309Z_SP_2021_TDF_xml" : [
				18,
				20
			]
		},
		"Xga2vK2h7NJA9Wjkh" : {
			"Chapter_5_ambanker_2021_02_24T15_04_32_954Z_SP_2021_TDF_xml" : [
				18,
				20,
				22,
				24,
				26,
				28,
				30,
				32,
				34,
				36,
				38,
				40,
				42,
				44,
				46
			],
			"Chapter_7_ambanker_2021_02_24T15_05_08_864Z_SP_2021_TDF_xml" : [
				18,
				20,
				22,
				24,
				26,
				28,
				30,
				32,
				34,
				36,
				38,
				40,
				42,
				44,
				46
			],
			"Chapter_8_ambanker_2021_02_24T15_05_36_123Z_SP_2021_TDF_xml" : [
				18,
				20,
				22,
				24,
				26,
				28,
				30,
				32,
				34,
				36,
				38,
				40,
				42,
				44,
				46
			],
			"Chapter_9_ambanker_2021_02_24T15_05_55_649Z_SP_2021_TDF_xml" : [
				18,
				20,
				22,
				24,
				30,
				32,
				34,
				36,
				38,
				40,
				42,
				44,
				46,
				48,
				50
			],
			"Chapter_10_ambanker_2021_02_24T15_06_11_642Z_SP_2021_TDF_xml" : [
				18,
				20,
				26,
				28,
				30,
				32,
				38,
				40,
				42,
				44,
				46,
				48,
				50,
				52,
				54
			]
		},
		"KhoNWm4qWpXtQEP3a" : {
			"Chapter_5_ambanker_2021_02_24T15_04_32_954Z_SP_2021_TDF_xml" : [
				18,
				20,
				22,
				24,
				26,
				28,
				30,
				32,
				34,
				36,
				38,
				40,
				42,
				44,
				46
			],
			"Chapter_6_ambanker_2021_02_24T15_04_51_796Z_SP_2021_TDF_xml" : [
				21,
				23,
				25,
				27,
				29,
				31,
				33,
				35,
				37,
				43,
				45,
				47,
				49,
				51,
				53
			],
			"Chapter_7_ambanker_2021_02_24T15_05_08_864Z_SP_2021_TDF_xml" : [
				18,
				20,
				22,
				24,
				26,
				28,
				30,
				32,
				34,
				36,
				38,
				40,
				42,
				44,
				46
			],
			"Chapter_8_ambanker_2021_02_24T15_05_36_123Z_SP_2021_TDF_xml" : [
				18,
				20,
				26,
				32,
				34,
				36,
				38,
				40,
				42,
				44,
				46,
				48,
				50,
				52,
				54
			],
			"Chapter_9_ambanker_2021_02_24T15_05_55_649Z_SP_2021_TDF_xml" : [
				18,
				20,
				22,
				24,
				26,
				28,
				30,
				32,
				34,
				36,
				38,
				40,
				42,
				48,
				50
			],
			"Chapter_10_ambanker_2021_02_24T15_06_11_642Z_SP_2021_TDF_xml" : [
				19,
				21,
				23,
				25,
				31,
				33,
				35,
				37,
				39,
				41,
				43,
				49,
				51,
				53,
				55
			],
			"Chapter_11_ambanker_2021_02_24T15_06_33_763Z_SP_2021_TDF_xml" : [
				18,
				24,
				26,
				32,
				34,
				36,
				38,
				40,
				42,
				44,
				50,
				52,
				54,
				56,
				58
			],
			"Chapter_12_ambanker_2021_02_24T15_06_51_782Z_SP_2021_TDF_xml" : [
				18,
				20,
				22,
				24,
				26,
				28,
				30,
				32,
				34,
				36,
				38,
				40,
				42,
				44,
				46
			]
		},
		"XbzgJytRMGGhmrzew" : {
			"Chapter_5_ambanker_2021_02_24T15_04_32_954Z_SP_2021_TDF_xml" : [
				18,
				20,
				26,
				28,
				34,
				36,
				38,
				40,
				42,
				44,
				46,
				48,
				50,
				52,
				54
			],
			"Chapter_6_ambanker_2021_02_24T15_04_51_796Z_SP_2021_TDF_xml" : [
				20,
				22,
				28,
				30,
				32,
				34,
				36,
				38,
				40,
				42,
				44,
				46,
				48,
				50,
				52
			]
		},
		"BqbpmoZYYpPak9mMm" : {
			"Chapter_5_ambanker_2021_02_24T15_04_32_954Z_SP_2021_TDF_xml" : [
				18,
				20,
				22,
				24,
				26,
				28,
				30,
				32,
				34,
				36,
				38,
				40,
				42,
				44,
				46
			],
			"Chapter_11_ambanker_2021_02_24T15_06_33_763Z_SP_2021_TDF_xml" : [
				18,
				20,
				22,
				24,
				26,
				28,
				30,
				32,
				34,
				36,
				38,
				40,
				42,
				44,
				46
			]
		},
		"Npn3zXaXQhiWT8a2v" : {
			"Chapter_5_ambanker_2021_02_24T15_04_32_954Z_SP_2021_TDF_xml" : [
				26,
				28,
				34,
				36,
				38,
				40,
				42,
				44,
				46,
				48,
				50,
				52,
				54,
				56,
				58
			],
			"Chapter_7_ambanker_2021_02_24T15_05_08_864Z_SP_2021_TDF_xml" : [
				18,
				20,
				26,
				28,
				30,
				32,
				34,
				36,
				38,
				40,
				42,
				44,
				50,
				52,
				54
			],
			"Chapter_8_ambanker_2021_02_24T15_05_36_123Z_SP_2021_TDF_xml" : [
				18,
				20,
				22,
				24,
				26,
				28,
				30,
				32,
				34,
				36,
				38,
				40,
				42,
				44,
				46
			]
		},
		"9jy6QmK5oK55nSYsL" : {
			"Chapter_5_ambanker_2021_02_24T15_04_32_954Z_SP_2021_TDF_xml" : [
				18,
				20,
				22,
				24,
				26,
				28,
				30,
				32,
				34,
				36,
				38,
				40,
				46,
				48,
				50
			],
			"Chapter_6_ambanker_2021_02_24T15_04_51_796Z_SP_2021_TDF_xml" : [
				18,
				20,
				22,
				24,
				26,
				28,
				30,
				32,
				34,
				36,
				38,
				40,
				42,
				44,
				46
			],
			"Chapter_7_ambanker_2021_02_24T15_05_08_864Z_SP_2021_TDF_xml" : [
				18,
				20,
				22,
				24,
				26,
				28,
				34,
				36,
				38,
				40,
				42,
				44,
				50,
				52,
				54
			],
			"Chapter_8_ambanker_2021_02_24T15_05_36_123Z_SP_2021_TDF_xml" : [
				18,
				20,
				22,
				24,
				26,
				32,
				34,
				36,
				38,
				40,
				42,
				44,
				46,
				48,
				50
			],
			"Chapter_9_ambanker_2021_02_24T15_05_55_649Z_SP_2021_TDF_xml" : [
				18,
				20,
				22,
				24,
				26,
				28,
				30,
				32,
				34,
				36,
				38,
				40,
				42,
				44,
				46
			],
			"Chapter_10_ambanker_2021_02_24T15_06_11_642Z_SP_2021_TDF_xml" : [
				18,
				20,
				22,
				24,
				26,
				28,
				30,
				32,
				34,
				36,
				38,
				40,
				42,
				44,
				46
			]
		},
		"7jf8k2tf8WzbZrGPu" : {
			"Chapter_5_ambanker_2021_02_24T15_04_32_954Z_SP_2021_TDF_xml" : [
				18,
				20,
				26,
				28,
				30,
				36,
				38,
				40,
				42,
				44,
				46,
				52,
				54,
				56,
				58
			],
			"Chapter_6_ambanker_2021_02_24T15_04_51_796Z_SP_2021_TDF_xml" : [
				18,
				20,
				22,
				24,
				26,
				28,
				30,
				32,
				34,
				36,
				38,
				40,
				42,
				48,
				50
			],
			"Chapter_7_ambanker_2021_02_24T15_05_08_864Z_SP_2021_TDF_xml" : [
				18,
				20,
				22,
				24,
				26,
				28,
				30,
				32,
				34,
				36,
				38,
				44,
				46,
				48,
				50
			],
			"Chapter_8_ambanker_2021_02_24T15_05_36_123Z_SP_2021_TDF_xml" : [
				18,
				20,
				22,
				24,
				30,
				32,
				34,
				36,
				38,
				40,
				42,
				44,
				46,
				48,
				50
			],
			"Chapter_9_ambanker_2021_02_24T15_05_55_649Z_SP_2021_TDF_xml" : [
				18,
				20,
				22,
				24,
				26,
				28,
				30,
				32,
				34,
				36,
				38,
				40,
				42,
				44,
				46
			],
			"Chapter_10_ambanker_2021_02_24T15_06_11_642Z_SP_2021_TDF_xml" : [
				18,
				20,
				22,
				24,
				26,
				28,
				34,
				36,
				38,
				44,
				46,
				48,
				50,
				52,
				54
			]
		},
		"qEnCPArQZppk5r3dw" : {
			"Chapter_19_ambanker_2020_10_09T15_16_38_309Z_SP_2021_TDF_xml" : [
				18,
				20,
				22,
				28,
				30,
				32,
				34,
				36,
				38,
				40,
				42,
				44,
				46,
				48,
				50
			],
			"Chapter_14_ambanker_2020_10_19T20_56_08_150Z_SP_2021_TDF_xml" : [
				18,
				20,
				22,
				24,
				26,
				28,
				30,
				32,
				34,
				36,
				38,
				40,
				42,
				44,
				46
			],
			"Chapter_15_ambanker_2020_10_19T21_01_23_717Z_SP_2021_TDF_xml" : [
				18,
				20,
				22,
				24,
				26,
				28,
				30,
				32,
				34,
				36,
				38,
				40,
				42,
				44,
				46
			],
			"Chapter_16_ambanker_2020_11_09T03_42_56_411Z_SP_2021_TDF_xml" : [
				18,
				20,
				22,
				24,
				26,
				28,
				30,
				32,
				34,
				36,
				38,
				40,
				42,
				44,
				46
			],
			"Chapter_17_ambanker_2020_11_11T15_41_17_634Z_SP_2021_TDF_xml" : [
				18,
				20,
				22,
				24,
				26,
				28,
				30,
				32,
				34,
				36,
				38,
				40,
				42,
				44,
				46
			]
		},
		"avod3gtTNfiEGdXu5" : {
			"Chapter_5_ambanker_2021_02_24T15_04_32_954Z_SP_2021_TDF_xml" : [
				18,
				20,
				22,
				24,
				26,
				28,
				30,
				32,
				34,
				36,
				42,
				44,
				46,
				48,
				50
			],
			"Chapter_6_ambanker_2021_02_24T15_04_51_796Z_SP_2021_TDF_xml" : [
				19,
				21,
				23,
				25,
				27,
				29,
				35,
				37,
				39,
				45,
				47,
				53,
				55,
				57,
				59
			],
			"Chapter_7_ambanker_2021_02_24T15_05_08_864Z_SP_2021_TDF_xml" : [
				18,
				24,
				30,
				32,
				34,
				36,
				38,
				40,
				42,
				44,
				46,
				48,
				50,
				52,
				54
			],
			"Chapter_8_ambanker_2021_02_24T15_05_36_123Z_SP_2021_TDF_xml" : [
				19,
				21,
				27,
				29,
				31,
				33,
				35,
				37,
				39,
				41,
				43,
				45,
				47,
				49,
				51
			],
			"Chapter_10_ambanker_2021_02_24T15_06_11_642Z_SP_2021_TDF_xml" : [
				20,
				22,
				24,
				26,
				28,
				30,
				32,
				34,
				36,
				38,
				40,
				42,
				44,
				46,
				48
			],
			"Chapter_11_ambanker_2021_02_24T15_06_33_763Z_SP_2021_TDF_xml" : [
				18,
				20,
				22,
				24,
				26,
				32,
				38,
				40,
				42,
				44,
				46,
				48,
				50,
				52,
				58
			],
			"Chapter_12_ambanker_2021_02_24T15_06_51_782Z_SP_2021_TDF_xml" : [
				18,
				20,
				22,
				24,
				26,
				28,
				30,
				32,
				34,
				36,
				38,
				40,
				42,
				44,
				46
			]
		},
		"jG85LaqpuD6BJM32y" : {
			"Chapter_19_ambanker_2020_10_09T15_16_38_309Z_SP_2021_TDF_xml" : [
				18,
				20,
				22,
				24,
				26,
				28,
				30,
				32,
				34,
				36,
				38,
				40,
				42,
				44,
				46
			],
			"Chapter_14_ambanker_2020_10_19T20_56_08_150Z_SP_2021_TDF_xml" : [
				18,
				20,
				22,
				24,
				26,
				28,
				30,
				32,
				34,
				36,
				38,
				40,
				42,
				44,
				46
			],
			"Chapter_15_ambanker_2020_10_19T21_01_23_717Z_SP_2021_TDF_xml" : [
				18,
				20,
				22,
				24,
				26,
				28,
				30,
				32,
				34,
				36,
				38,
				40,
				42,
				44,
				46
			],
			"Chapter_16_ambanker_2020_11_09T03_42_56_411Z_SP_2021_TDF_xml" : [
				18,
				20,
				22,
				24,
				26,
				28,
				30,
				32,
				34,
				36,
				38,
				40,
				42,
				44,
				46
			],
			"Chapter_17_ambanker_2020_11_11T15_41_17_634Z_SP_2021_TDF_xml" : [
				18,
				20,
				22,
				24,
				26,
				28,
				30,
				32,
				34,
				36,
				38,
				40,
				42,
				44,
				46
			],
			"Chapter_21_ambanker_2020_12_03T04_19_20_659Z_SP_2021_TDF_xml" : [
				18,
				20,
				22,
				24,
				26,
				28,
				30,
				32,
				34,
				36,
				38,
				40,
				42,
				44,
				46
			],
			"Chapter_20_ambanker_2020_12_03T04_20_32_769Z_SP_2021_TDF_xml" : [
				18,
				20,
				22,
				24,
				26,
				28,
				30,
				32,
				34,
				36,
				38,
				40,
				42,
				44,
				46
			]
		},
		"ZHCHvArDPzFa8wNaL" : {
			"Chapter_5_ambanker_2021_02_24T15_04_32_954Z_SP_2021_TDF_xml" : [
				18,
				20,
				22,
				24,
				26,
				28,
				30,
				32,
				34,
				36,
				38,
				40,
				42,
				44,
				46
			],
			"Chapter_6_ambanker_2021_02_24T15_04_51_796Z_SP_2021_TDF_xml" : [
				18,
				20,
				22,
				24,
				26,
				28,
				30,
				32,
				34,
				36,
				38,
				40,
				42,
				44,
				46
			]
		},
		"vGi2r9DrujSA6TJHd" : {
			"Chapter_5_ambanker_2021_02_24T15_04_32_954Z_SP_2021_TDF_xml" : [
				18,
				20,
				22,
				24,
				30,
				32,
				34,
				36,
				38,
				40,
				42,
				44,
				46,
				48,
				50
			],
			"Chapter_6_ambanker_2021_02_24T15_04_51_796Z_SP_2021_TDF_xml" : [
				18,
				20,
				22,
				24,
				26,
				28,
				30,
				32,
				34,
				36,
				38,
				40,
				42,
				44,
				46
			],
			"Chapter_7_ambanker_2021_02_24T15_05_08_864Z_SP_2021_TDF_xml" : [
				18,
				20,
				22,
				24,
				26,
				28,
				35,
				37,
				43,
				45,
				47,
				49,
				51,
				53,
				55
			],
			"Chapter_8_ambanker_2021_02_24T15_05_36_123Z_SP_2021_TDF_xml" : [
				18,
				20,
				22,
				24,
				26,
				28,
				30
			],
			"Chapter_9_ambanker_2021_02_24T15_05_55_649Z_SP_2021_TDF_xml" : [
				18,
				20,
				22,
				24,
				26,
				28,
				30,
				32,
				34,
				36,
				38,
				40,
				42,
				44,
				46
			]
		},
		"thXRzWtboZ6MsNJBu" : {
			"Chapter_5_ambanker_2021_02_24T15_04_32_954Z_SP_2021_TDF_xml" : [
				18,
				20,
				26,
				28,
				30,
				32,
				34,
				36,
				42,
				44,
				46,
				52,
				54,
				60,
				62
			],
			"Chapter_6_ambanker_2021_02_24T15_04_51_796Z_SP_2021_TDF_xml" : [
				18,
				20,
				22,
				24,
				26,
				28,
				30,
				36,
				38,
				40,
				42,
				44,
				46,
				48,
				50
			],
			"Chapter_7_ambanker_2021_02_24T15_05_08_864Z_SP_2021_TDF_xml" : [
				18,
				20,
				22,
				24,
				26,
				28,
				30,
				32,
				34,
				36,
				38,
				40,
				42,
				44,
				50
			],
			"Chapter_8_ambanker_2021_02_24T15_05_36_123Z_SP_2021_TDF_xml" : [
				18,
				20,
				22,
				24,
				26,
				28,
				30,
				32,
				34,
				40,
				42,
				44,
				46,
				48,
				50
			],
			"Chapter_9_ambanker_2021_02_24T15_05_55_649Z_SP_2021_TDF_xml" : [
				18,
				20,
				22,
				24,
				26,
				28,
				30,
				36,
				38,
				40,
				46,
				48,
				50,
				52,
				54
			],
			"Chapter_10_ambanker_2021_02_24T15_06_11_642Z_SP_2021_TDF_xml" : [
				18,
				20,
				22,
				24,
				26,
				28,
				30,
				32,
				34,
				36,
				38,
				40,
				42,
				44,
				50
			],
			"Chapter_11_ambanker_2021_02_24T15_06_33_763Z_SP_2021_TDF_xml" : [
				18,
				20,
				22,
				24,
				26,
				28,
				30,
				32,
				34,
				36,
				38,
				44,
				46,
				48,
				54
			],
			"Chapter_12_ambanker_2021_02_24T15_06_51_782Z_SP_2021_TDF_xml" : [
				18,
				20,
				22,
				24,
				26,
				28,
				30,
				32,
				34,
				36,
				38,
				40,
				42,
				44,
				46
			]
		},
		"QbrxyZ8Mib8ABauyW" : {
			"Chapter_5_ambanker_2021_02_24T15_04_32_954Z_SP_2021_TDF_xml" : [
				35,
				43,
				45,
				47,
				49,
				51,
				53
			],
			"Chapter_11_ambanker_2021_02_24T15_06_33_763Z_SP_2021_TDF_xml" : [
				22,
				24
			]
		},
		"Fbt5NdZWgSfiryCvS" : {
			"Chapter_5_ambanker_2021_02_24T15_04_32_954Z_SP_2021_TDF_xml" : [
				18,
				20,
				26,
				28,
				34,
				36,
				42,
				44,
				46,
				48,
				50,
				52,
				54,
				56,
				58
			],
			"Chapter_6_ambanker_2021_02_24T15_04_51_796Z_SP_2021_TDF_xml" : [
				18,
				20,
				22,
				24,
				38,
				40,
				42,
				44,
				46,
				48,
				50,
				52,
				54,
				56,
				58
			],
			"Chapter_7_ambanker_2021_02_24T15_05_08_864Z_SP_2021_TDF_xml" : [
				18,
				20,
				22,
				24,
				26,
				28,
				30,
				32,
				34,
				36,
				38,
				40,
				42,
				44,
				46
			],
			"Chapter_8_ambanker_2021_02_24T15_05_36_123Z_SP_2021_TDF_xml" : [
				18,
				20,
				22,
				24,
				30,
				32,
				34,
				36,
				38,
				40,
				42,
				44,
				46,
				48,
				50
			],
			"Chapter_9_ambanker_2021_02_24T15_05_55_649Z_SP_2021_TDF_xml" : [
				22,
				24,
				26,
				28,
				30,
				32,
				34,
				36,
				38,
				40,
				42,
				44,
				46,
				48,
				50
			],
			"Chapter_11_ambanker_2021_02_24T15_06_33_763Z_SP_2021_TDF_xml" : [
				18,
				20,
				22,
				28,
				30,
				32,
				34,
				36,
				38,
				40,
				42,
				44,
				46,
				48,
				50
			],
			"Chapter_12_ambanker_2021_02_24T15_06_51_782Z_SP_2021_TDF_xml" : [
				18,
				20,
				22,
				24,
				31,
				33,
				35,
				37,
				39,
				41,
				43,
				45,
				47,
				49,
				51
			]
		},
		"CdnaXYG3rTZYusMrE" : {
			"Chapter_5_ambanker_2021_02_24T15_04_32_954Z_SP_2021_TDF_xml" : [
				18
			]
		},
		"zDxFoNoFpozfrJhoL" : {
			"Chapter_5_ambanker_2021_02_24T15_04_32_954Z_SP_2021_TDF_xml" : [
				18,
				20,
				22,
				24,
				26,
				28,
				30,
				32,
				34,
				36,
				38,
				40,
				42,
				44,
				46
			],
			"Chapter_6_ambanker_2021_02_24T15_04_51_796Z_SP_2021_TDF_xml" : [
				18,
				20,
				22,
				24,
				26,
				28,
				30,
				32,
				34,
				36,
				42,
				44,
				46,
				48,
				50
			],
			"Chapter_7_ambanker_2021_02_24T15_05_08_864Z_SP_2021_TDF_xml" : [
				27,
				29,
				31,
				33,
				35,
				37,
				39,
				41,
				43,
				45,
				47,
				49,
				51,
				53,
				55
			],
			"Chapter_8_ambanker_2021_02_24T15_05_36_123Z_SP_2021_TDF_xml" : [
				19,
				21,
				23,
				25,
				27,
				29,
				31,
				33,
				35,
				37,
				39,
				41,
				43,
				45,
				47
			],
			"Chapter_9_ambanker_2021_02_24T15_05_55_649Z_SP_2021_TDF_xml" : [
				18,
				20,
				22,
				24,
				26,
				32,
				34,
				36,
				38,
				40,
				42,
				44,
				46,
				48,
				50
			],
			"Chapter_11_ambanker_2021_02_24T15_06_33_763Z_SP_2021_TDF_xml" : [
				18,
				20,
				26,
				28,
				30,
				32,
				34,
				36,
				38,
				40,
				42,
				44,
				46,
				48,
				50
			],
			"Chapter_12_ambanker_2021_02_24T15_06_51_782Z_SP_2021_TDF_xml" : [
				18,
				20,
				22,
				24,
				26,
				28,
				30,
				32,
				34,
				36,
				38,
				40,
				42,
				44,
				46
			]
		},
		"gQS9rdRmJpnKj3RYv" : {
			"Chapter_19_ambanker_2020_10_09T15_16_38_309Z_SP_2021_TDF_xml" : [
				23,
				25,
				31,
				33,
				35,
				37,
				43,
				45,
				47,
				53,
				55,
				57,
				59,
				61,
				63
			],
			"Chapter_14_ambanker_2020_10_19T20_56_08_150Z_SP_2021_TDF_xml" : [
				18,
				20,
				26,
				28,
				30,
				32,
				34,
				36,
				38,
				40,
				42,
				44,
				46,
				52,
				54
			],
			"Chapter_15_ambanker_2020_10_19T21_01_23_717Z_SP_2021_TDF_xml" : [
				22,
				24,
				26,
				28,
				30,
				36,
				38,
				44,
				46,
				48,
				50,
				52,
				58,
				60,
				66
			],
			"Chapter_16_ambanker_2020_11_09T03_42_56_411Z_SP_2021_TDF_xml" : [
				18,
				20,
				27,
				29,
				35,
				37,
				39,
				41,
				43,
				45,
				47,
				49,
				51,
				53,
				55
			],
			"Chapter_21_ambanker_2020_12_03T04_19_20_659Z_SP_2021_TDF_xml" : [
				19
			],
			"Chapter_17_ambanker_2020_11_11T15_41_17_634Z_SP_2021_TDF_xml" : [
				18,
				20,
				27,
				29,
				35,
				37,
				39,
				45,
				47,
				49,
				51,
				53,
				55,
				57,
				59
			]
		},
		"5APPfyA7eFYABxR6W" : {
			"Chapter_7_ambanker_2021_02_24T15_05_08_864Z_SP_2021_TDF_xml" : [
				18,
				20,
				22,
				24,
				26,
				28,
				30,
				32,
				34,
				36,
				38,
				40,
				42,
				44,
				46
			],
			"Chapter_6_ambanker_2021_02_24T15_04_51_796Z_SP_2021_TDF_xml" : [
				18,
				20,
				22,
				24,
				26,
				28,
				30,
				32,
				34,
				36,
				38,
				40,
				42,
				44,
				46
			],
			"Chapter_8_ambanker_2021_02_24T15_05_36_123Z_SP_2021_TDF_xml" : [
				18,
				20,
				22,
				24,
				26,
				28,
				30,
				32,
				34,
				36,
				38,
				40,
				42,
				44,
				46
			],
			"Chapter_5_ambanker_2021_02_24T15_04_32_954Z_SP_2021_TDF_xml" : [
				19,
				21,
				23,
				25,
				27,
				29,
				31,
				33,
				35,
				37,
				39,
				41,
				43,
				45,
				47
			],
			"Chapter_9_ambanker_2021_02_24T15_05_55_649Z_SP_2021_TDF_xml" : [
				18,
				20,
				22,
				24,
				26,
				28,
				30,
				32,
				34,
				36,
				38,
				40,
				42,
				44,
				46
			],
			"Chapter_10_ambanker_2021_02_24T15_06_11_642Z_SP_2021_TDF_xml" : [
				23,
				25,
				27,
				29,
				31,
				33,
				35,
				37,
				39,
				41,
				43,
				45,
				47,
				49,
				51
			],
			"Chapter_11_ambanker_2021_02_24T15_06_33_763Z_SP_2021_TDF_xml" : [
				26,
				28,
				30,
				32,
				34,
				36,
				38,
				40,
				42,
				44,
				46,
				48,
				50,
				52,
				54
			],
			"Chapter_12_ambanker_2021_02_24T15_06_51_782Z_SP_2021_TDF_xml" : [
				20,
				22,
				24,
				26,
				28,
				30,
				32,
				34,
				36,
				38,
				40,
				42,
				44,
				46,
				48
			]
		},
		"wJpS4dWrhgCKZBjRZ" : {
			"Chapter_5_ambanker_2021_02_24T15_04_32_954Z_SP_2021_TDF_xml" : [
				18,
				20,
				22,
				24,
				26,
				28,
				30,
				32,
				34,
				36,
				38,
				40,
				42,
				44,
				46
			]
		},
		"qSD84KfLkwYJ7LMNX" : {
			"Chapter_5_ambanker_2021_02_24T15_04_32_954Z_SP_2021_TDF_xml" : [
				18,
				20,
				22,
				24,
				26,
				28,
				30,
				32,
				34,
				36,
				38,
				40,
				42,
				44,
				46
			],
			"Chapter_6_ambanker_2021_02_24T15_04_51_796Z_SP_2021_TDF_xml" : [
				18,
				20,
				22,
				24,
				26,
				28,
				30,
				32,
				34,
				36,
				38,
				40,
				42,
				44,
				46
			],
			"Chapter_7_ambanker_2021_02_24T15_05_08_864Z_SP_2021_TDF_xml" : [
				18,
				20,
				22,
				24,
				26,
				28,
				30,
				32,
				34,
				36,
				38,
				40,
				42,
				44,
				46
			],
			"Chapter_8_ambanker_2021_02_24T15_05_36_123Z_SP_2021_TDF_xml" : [
				19,
				21,
				32,
				34,
				36,
				38,
				40,
				42,
				44,
				46,
				48,
				50,
				52,
				54,
				56
			],
			"Chapter_9_ambanker_2021_02_24T15_05_55_649Z_SP_2021_TDF_xml" : [
				18,
				20,
				26,
				28,
				30,
				32,
				34,
				36,
				38,
				40,
				42,
				44,
				46,
				48,
				50
			],
			"Chapter_10_ambanker_2021_02_24T15_06_11_642Z_SP_2021_TDF_xml" : [
				28,
				30,
				32,
				34,
				36,
				38,
				40,
				42,
				44,
				46,
				48,
				50,
				52,
				54,
				56
			]
		},
		"nmfH7dSDA9gAo5ySs" : {
			"Chapter_14_ambanker_2020_10_19T20_56_08_150Z_SP_2021_TDF_xml" : [
				18,
				20,
				26,
				28,
				30,
				32,
				34,
				36,
				38,
				40,
				42,
				44,
				46,
				48,
				50
			],
			"Chapter_16_ambanker_2020_11_09T03_42_56_411Z_SP_2021_TDF_xml" : [
				18,
				20,
				22,
				24,
				26,
				28,
				30,
				32,
				34,
				36,
				38,
				44
			],
			"Chapter_15_ambanker_2020_10_19T21_01_23_717Z_SP_2021_TDF_xml" : [
				18,
				20,
				22,
				32
			],
			"Chapter_20_ambanker_2020_12_03T04_20_32_769Z_SP_2021_TDF_xml" : [
				18,
				20,
				22,
				24,
				26,
				28,
				30,
				32,
				34,
				36,
				38,
				40,
				42,
				44,
				46
			],
			"Chapter_17_ambanker_2020_11_11T15_41_17_634Z_SP_2021_TDF_xml" : [
				18,
				20
			]
		},
		"AJebdfdQZ7WZt4aG7" : {
			"Chapter_5_ambanker_2021_02_24T15_04_32_954Z_SP_2021_TDF_xml" : [
				18,
				20,
				26,
				28,
				30,
				32,
				34,
				36,
				38,
				40,
				42,
				44,
				50,
				52,
				54
			],
			"Chapter_6_ambanker_2021_02_24T15_04_51_796Z_SP_2021_TDF_xml" : [
				19,
				21,
				23,
				25,
				27,
				29,
				31,
				33,
				35,
				37,
				39,
				41,
				43,
				45,
				47
			]
		},
		"w9Bi4yM3wpM8cihWZ" : {
			"Chapter_5_ambanker_2021_02_24T15_04_32_954Z_SP_2021_TDF_xml" : [
				18,
				20,
				22,
				24,
				30,
				32,
				34,
				36,
				38,
				44,
				46,
				48,
				50,
				52,
				58
			],
			"Chapter_7_ambanker_2021_02_24T15_05_08_864Z_SP_2021_TDF_xml" : [
				18,
				20,
				22,
				24,
				26,
				28,
				30,
				32,
				34,
				36,
				38,
				40,
				42,
				44,
				46
			]
		},
		"RYpLzsk43JjvQDKja" : {
			"Chapter_5_ambanker_2021_02_24T15_04_32_954Z_SP_2021_TDF_xml" : [
				22,
				24,
				26,
				28,
				30,
				32,
				38,
				40,
				42,
				44,
				46,
				48,
				50,
				52,
				54
			],
			"Chapter_6_ambanker_2021_02_24T15_04_51_796Z_SP_2021_TDF_xml" : [
				18,
				20,
				22,
				24,
				30,
				32,
				34,
				40,
				42,
				48,
				50,
				56,
				58,
				64,
				66
			],
			"Chapter_7_ambanker_2021_02_24T15_05_08_864Z_SP_2021_TDF_xml" : [
				18,
				20,
				22,
				24,
				26,
				32,
				34,
				40,
				42,
				44,
				46,
				48,
				50,
				56,
				58
			],
			"Chapter_8_ambanker_2021_02_24T15_05_36_123Z_SP_2021_TDF_xml" : [
				18,
				20,
				22,
				24,
				26,
				28,
				30,
				32,
				34,
				36,
				38,
				40,
				42,
				44,
				46
			]
		},
		"XdKapwg72ss3mLzk8" : {
			"Chapter_5_ambanker_2021_02_24T15_04_32_954Z_SP_2021_TDF_xml" : [
				18,
				20,
				22,
				24,
				26,
				28,
				30,
				32,
				34,
				36,
				38,
				40,
				42,
				44,
				50
			],
			"Chapter_6_ambanker_2021_02_24T15_04_51_796Z_SP_2021_TDF_xml" : [
				18,
				20,
				22,
				24,
				26,
				28,
				30,
				32,
				34,
				36,
				38,
				40,
				42,
				44,
				46
			],
			"Chapter_7_ambanker_2021_02_24T15_05_08_864Z_SP_2021_TDF_xml" : [
				18,
				20,
				22,
				24,
				26,
				28,
				30,
				32,
				34,
				36,
				38,
				40,
				42,
				44,
				46
			],
			"Chapter_8_ambanker_2021_02_24T15_05_36_123Z_SP_2021_TDF_xml" : [
				18,
				20,
				22,
				24,
				26,
				28,
				30,
				32,
				34,
				36,
				38,
				40,
				42,
				44,
				46
			],
			"Chapter_9_ambanker_2021_02_24T15_05_55_649Z_SP_2021_TDF_xml" : [
				18,
				20,
				22,
				24,
				26,
				28,
				30,
				32,
				34,
				36,
				38,
				40,
				42,
				44,
				46
			],
			"Chapter_10_ambanker_2021_02_24T15_06_11_642Z_SP_2021_TDF_xml" : [
				18,
				20,
				22,
				24,
				26,
				28,
				30,
				32,
				34,
				36,
				38,
				40,
				42,
				44,
				46
			],
			"Chapter_11_ambanker_2021_02_24T15_06_33_763Z_SP_2021_TDF_xml" : [
				18,
				20,
				22,
				24,
				26,
				28,
				30,
				32,
				34,
				36,
				38,
				44,
				46,
				48,
				50
			],
			"Chapter_12_ambanker_2021_02_24T15_06_51_782Z_SP_2021_TDF_xml" : [
				18,
				20,
				22,
				24,
				26,
				28,
				30,
				32,
				34,
				36,
				38,
				40,
				42,
				44,
				46
			]
		},
		"WccQzbPsgmPKNKsRm" : {
			"Chapter_5_ambanker_2021_02_24T15_04_32_954Z_SP_2021_TDF_xml" : [
				18,
				20,
				22,
				24,
				26,
				28,
				30,
				32,
				34,
				36,
				38,
				40,
				42,
				44,
				46
			],
			"Chapter_6_ambanker_2021_02_24T15_04_51_796Z_SP_2021_TDF_xml" : [
				18,
				20,
				22,
				24,
				26,
				28,
				30,
				32,
				34,
				36,
				38,
				40,
				42,
				44,
				46
			],
			"Chapter_7_ambanker_2021_02_24T15_05_08_864Z_SP_2021_TDF_xml" : [
				18,
				20,
				22,
				24,
				26,
				28,
				30,
				32,
				38,
				40,
				42,
				44,
				46,
				48,
				54
			],
			"Chapter_12_ambanker_2021_02_24T15_06_51_782Z_SP_2021_TDF_xml" : [
				18,
				20,
				22,
				24,
				26,
				28,
				30,
				32,
				34,
				36,
				38,
				40,
				42,
				44
			]
		},
		"SpLaY95z3SzS2N8a3" : {
			"Chapter_5_ambanker_2021_02_24T15_04_32_954Z_SP_2021_TDF_xml" : [
				18,
				20,
				22,
				24,
				26,
				28,
				30,
				32,
				34,
				36,
				38,
				40,
				42,
				44,
				46
			],
			"Chapter_6_ambanker_2021_02_24T15_04_51_796Z_SP_2021_TDF_xml" : [
				18,
				20,
				22,
				24,
				26,
				28,
				30,
				32,
				34,
				36,
				38,
				40,
				42,
				44,
				46
			]
		},
		"LchX8od3gkKv9JFoq" : {
			"Chapter_5_ambanker_2021_02_24T15_04_32_954Z_SP_2021_TDF_xml" : [
				18,
				20,
				22,
				24,
				26,
				28,
				30,
				32,
				34,
				40,
				42,
				44,
				46,
				48,
				50
			],
			"Chapter_6_ambanker_2021_02_24T15_04_51_796Z_SP_2021_TDF_xml" : [
				22,
				24,
				26,
				28,
				30,
				32,
				34,
				36,
				38,
				40,
				46,
				48,
				50,
				52,
				54
			],
			"Chapter_7_ambanker_2021_02_24T15_05_08_864Z_SP_2021_TDF_xml" : [
				18,
				20,
				22,
				24,
				26,
				28,
				34,
				36,
				38,
				40,
				42,
				44,
				46,
				48,
				50
			],
			"Chapter_8_ambanker_2021_02_24T15_05_36_123Z_SP_2021_TDF_xml" : [
				19,
				21,
				27,
				29,
				35,
				37,
				39,
				41,
				47,
				49,
				51,
				57,
				59,
				61,
				67
			],
			"Chapter_9_ambanker_2021_02_24T15_05_55_649Z_SP_2021_TDF_xml" : [
				18,
				20,
				26,
				28,
				36,
				38,
				44,
				46,
				48,
				50,
				52,
				54,
				56,
				62,
				64
			],
			"Chapter_10_ambanker_2021_02_24T15_06_11_642Z_SP_2021_TDF_xml" : [
				19,
				21,
				27,
				29,
				31,
				33,
				35,
				37,
				43,
				45,
				47,
				53,
				55,
				61,
				63
			],
			"Chapter_11_ambanker_2021_02_24T15_06_33_763Z_SP_2021_TDF_xml" : [
				18,
				20,
				22,
				24,
				26,
				32,
				34,
				40,
				42,
				44,
				46,
				48,
				50,
				52,
				54
			],
			"Chapter_12_ambanker_2021_02_24T15_06_51_782Z_SP_2021_TDF_xml" : [
				18,
				20,
				22,
				24,
				26,
				28,
				35,
				37,
				39,
				41,
				43,
				45,
				51,
				53,
				59
			]
		},
		"8yb8ztgaHXTpWZmvg" : {
			"Chapter_19_ambanker_2020_10_09T15_16_38_309Z_SP_2021_TDF_xml" : [
				19,
				21,
				23,
				29,
				31,
				37,
				39,
				41,
				43,
				45,
				47,
				49,
				51,
				53,
				55
			],
			"Chapter_14_ambanker_2020_10_19T20_56_08_150Z_SP_2021_TDF_xml" : [
				18,
				20,
				22,
				24,
				26,
				28,
				30,
				32,
				34,
				36,
				38,
				40,
				42,
				44,
				46
			],
			"Chapter_15_ambanker_2020_10_19T21_01_23_717Z_SP_2021_TDF_xml" : [
				18,
				20,
				22,
				24,
				26,
				28,
				30,
				32,
				34,
				36,
				38,
				40,
				42,
				44,
				46
			],
			"Chapter_16_ambanker_2020_11_09T03_42_56_411Z_SP_2021_TDF_xml" : [
				18,
				20,
				22,
				24,
				26,
				28,
				30,
				32,
				34,
				36,
				38,
				40,
				42,
				44,
				46
			],
			"Chapter_17_ambanker_2020_11_11T15_41_17_634Z_SP_2021_TDF_xml" : [
				18,
				20,
				22,
				24,
				30,
				32,
				34,
				36,
				38,
				40,
				42,
				44,
				46,
				48,
				50
			],
			"Chapter_21_ambanker_2020_12_03T04_19_20_659Z_SP_2021_TDF_xml" : [
				18,
				20,
				22,
				24,
				26,
				28,
				30,
				32,
				34,
				36,
				38,
				40,
				42,
				44,
				46
			],
			"Chapter_20_ambanker_2020_12_03T04_20_32_769Z_SP_2021_TDF_xml" : [
				18,
				20,
				22,
				24,
				26,
				28,
				30,
				32,
				34,
				36,
				38,
				40,
				42,
				44,
				46
			]
		},
		"f36SYX8TFNoz5SNxC" : {
			"Chapter_19_ambanker_2020_10_09T15_16_38_309Z_SP_2021_TDF_xml" : [
				18,
				20,
				22,
				24,
				26,
				28,
				30,
				32,
				34,
				36,
				38,
				40,
				42,
				44,
				46
			],
			"Chapter_14_ambanker_2020_10_19T20_56_08_150Z_SP_2021_TDF_xml" : [
				18,
				20,
				22,
				24,
				26,
				28,
				30,
				32,
				34,
				36,
				38,
				40,
				42,
				44,
				46
			],
			"Chapter_15_ambanker_2020_10_19T21_01_23_717Z_SP_2021_TDF_xml" : [
				18,
				20,
				22,
				24,
				26,
				28,
				30,
				32,
				34,
				36,
				38,
				40,
				42,
				44,
				46
			],
			"Chapter_16_ambanker_2020_11_09T03_42_56_411Z_SP_2021_TDF_xml" : [
				18,
				20,
				22,
				24,
				26,
				28,
				34,
				36,
				38,
				40,
				42,
				44,
				46,
				48,
				50
			],
			"Chapter_17_ambanker_2020_11_11T15_41_17_634Z_SP_2021_TDF_xml" : [
				18,
				20,
				22,
				24,
				26,
				28,
				30,
				32,
				34,
				36,
				38,
				40,
				42,
				44,
				46
			],
			"Chapter_20_ambanker_2020_12_03T04_20_32_769Z_SP_2021_TDF_xml" : [
				18,
				20,
				22,
				24,
				26,
				28,
				30,
				36,
				38,
				40,
				42,
				44,
				46,
				48,
				50
			]
		},
		"5kyJc4bXtLJp3oodG" : {
			"Chapter_5_ambanker_2021_02_24T15_04_32_954Z_SP_2021_TDF_xml" : [
				22,
				24,
				30,
				32,
				34,
				36,
				38,
				40,
				42,
				44,
				46,
				48,
				50,
				52,
				54
			],
			"Chapter_6_ambanker_2021_02_24T15_04_51_796Z_SP_2021_TDF_xml" : [
				18,
				20,
				22,
				24,
				26,
				28,
				30,
				32,
				34,
				36,
				38,
				40,
				42,
				44,
				55
			]
		},
		"8Bo9LzXNAuQniHJEy" : {
			"Chapter_5_ambanker_2021_02_24T15_04_32_954Z_SP_2021_TDF_xml" : [
				18,
				20,
				22,
				28,
				30,
				32,
				34,
				36,
				38,
				40,
				42,
				44,
				46,
				48,
				50
			],
			"Chapter_6_ambanker_2021_02_24T15_04_51_796Z_SP_2021_TDF_xml" : [
				20,
				22,
				24,
				30,
				32,
				34,
				36,
				38,
				40,
				42,
				44,
				46,
				48,
				50,
				52
			],
			"Chapter_7_ambanker_2021_02_24T15_05_08_864Z_SP_2021_TDF_xml" : [
				18,
				20,
				22,
				24,
				26,
				28,
				30,
				32,
				34,
				36,
				38,
				40,
				42,
				44,
				46
			],
			"Chapter_8_ambanker_2021_02_24T15_05_36_123Z_SP_2021_TDF_xml" : [
				18,
				20,
				22,
				24,
				26,
				28,
				30,
				32,
				34,
				36,
				38,
				40,
				42,
				44,
				46
			],
			"Chapter_9_ambanker_2021_02_24T15_05_55_649Z_SP_2021_TDF_xml" : [
				18,
				20,
				22,
				24,
				26,
				28,
				30,
				32,
				34,
				36,
				38,
				40,
				42,
				44,
				46
			],
			"Chapter_10_ambanker_2021_02_24T15_06_11_642Z_SP_2021_TDF_xml" : [
				18,
				20,
				22,
				24,
				26,
				28,
				30,
				32,
				34,
				36,
				38,
				40,
				42,
				48,
				50
			],
			"Chapter_11_ambanker_2021_02_24T15_06_33_763Z_SP_2021_TDF_xml" : [
				18,
				20,
				22,
				24,
				26,
				28,
				34,
				36,
				38,
				40,
				42,
				44,
				46,
				48,
				50
			],
			"Chapter_12_ambanker_2021_02_24T15_06_51_782Z_SP_2021_TDF_xml" : [
				18,
				20,
				22,
				24,
				26,
				28,
				30,
				32,
				34,
				36,
				38,
				40,
				42,
				44,
				46
			]
		},
		"uiS8SW6bjpPrESNGY" : {
			"Chapter_5_ambanker_2021_02_24T15_04_32_954Z_SP_2021_TDF_xml" : [
				18,
				20,
				26,
				28,
				34,
				36,
				38,
				40,
				42,
				44,
				46,
				48,
				50,
				52,
				54
			],
			"Chapter_6_ambanker_2021_02_24T15_04_51_796Z_SP_2021_TDF_xml" : [
				18,
				20,
				22,
				28,
				30,
				32,
				34,
				36,
				38,
				40,
				42,
				44,
				46,
				48,
				50
			],
			"Chapter_7_ambanker_2021_02_24T15_05_08_864Z_SP_2021_TDF_xml" : [
				18,
				20,
				22,
				24,
				26,
				28,
				30,
				32,
				34,
				36,
				38,
				40,
				42,
				44,
				46
			],
			"Chapter_8_ambanker_2021_02_24T15_05_36_123Z_SP_2021_TDF_xml" : [
				18,
				20,
				26,
				28,
				34,
				36,
				42,
				44,
				46,
				48,
				50,
				52,
				54,
				56,
				58
			],
			"Chapter_9_ambanker_2021_02_24T15_05_55_649Z_SP_2021_TDF_xml" : [
				18,
				20,
				26,
				28,
				30,
				32,
				38,
				40,
				42,
				44,
				46,
				48,
				54,
				56,
				58
			],
			"Chapter_10_ambanker_2021_02_24T15_06_11_642Z_SP_2021_TDF_xml" : [
				25,
				27,
				29,
				31,
				33,
				35,
				37,
				39,
				41,
				43,
				45,
				51,
				53,
				55,
				57
			],
			"Chapter_11_ambanker_2021_02_24T15_06_33_763Z_SP_2021_TDF_xml" : [
				18,
				20,
				22,
				24,
				26,
				28,
				30,
				36,
				38,
				40,
				42,
				44,
				46,
				52,
				54
			],
			"Chapter_12_ambanker_2021_02_24T15_06_51_782Z_SP_2021_TDF_xml" : [
				18,
				20,
				22,
				28,
				30,
				32,
				34,
				36,
				38,
				40,
				42,
				44,
				46,
				48,
				54
			]
		},
		"jyRCm5Lkc8GPA2Ag3" : {
			"Chapter_5_ambanker_2021_02_24T15_04_32_954Z_SP_2021_TDF_xml" : [
				18,
				20,
				22,
				24,
				26,
				28,
				30,
				32,
				34,
				36,
				38,
				40,
				42,
				44,
				46
			],
			"Chapter_6_ambanker_2021_02_24T15_04_51_796Z_SP_2021_TDF_xml" : [
				18,
				20,
				22,
				24,
				26,
				28,
				30,
				32,
				34,
				36,
				38,
				40,
				42,
				44,
				46
			],
			"Chapter_7_ambanker_2021_02_24T15_05_08_864Z_SP_2021_TDF_xml" : [
				18,
				20,
				22,
				24,
				26,
				28,
				30,
				32,
				34,
				36,
				38,
				40,
				42,
				44,
				46
			]
		},
		"vcKXDBJmawsicRRsP" : {
			"Chapter_19_ambanker_2020_10_09T15_16_38_309Z_SP_2021_TDF_xml" : [
				18,
				20,
				26,
				28,
				30,
				36,
				38,
				40,
				42
			]
		},
		"LnCvfrLJDm77kx9k3" : {
			"Chapter_15_ambanker_2020_10_19T21_01_23_717Z_SP_2021_TDF_xml" : [
				18,
				20,
				22,
				24,
				26,
				28,
				30,
				32,
				34
			],
			"Chapter_19_ambanker_2020_10_09T15_16_38_309Z_SP_2021_TDF_xml" : [
				18,
				20,
				26,
				28,
				30,
				32,
				34,
				36,
				38,
				40,
				42
			]
		},
		"gATcvQEt5JLooC9Ma" : {
			"Chapter_5_ambanker_2021_02_24T15_04_32_954Z_SP_2021_TDF_xml" : [
				18,
				24,
				26,
				28,
				30,
				32,
				34,
				36,
				38,
				40,
				42,
				44,
				46,
				48,
				50
			],
			"Chapter_6_ambanker_2021_02_24T15_04_51_796Z_SP_2021_TDF_xml" : [
				18,
				20,
				22,
				24,
				26,
				28,
				30,
				32,
				34,
				36,
				38,
				40,
				42,
				44,
				46
			],
			"Chapter_7_ambanker_2021_02_24T15_05_08_864Z_SP_2021_TDF_xml" : [
				18,
				20,
				22,
				24,
				26,
				28,
				30,
				32,
				34,
				40,
				42,
				44,
				46,
				48,
				50
			],
			"Chapter_8_ambanker_2021_02_24T15_05_36_123Z_SP_2021_TDF_xml" : [
				18,
				20,
				22,
				24,
				26,
				28,
				30,
				36,
				38,
				40,
				42,
				44,
				46,
				48,
				50
			],
			"Chapter_9_ambanker_2021_02_24T15_05_55_649Z_SP_2021_TDF_xml" : [
				18,
				20,
				22,
				28,
				30,
				32,
				38,
				40,
				42,
				44,
				46,
				48,
				50,
				52,
				54
			],
			"Chapter_10_ambanker_2021_02_24T15_06_11_642Z_SP_2021_TDF_xml" : [
				18,
				20,
				26,
				28,
				30,
				32,
				34,
				36,
				38,
				40,
				42,
				44,
				46,
				48,
				50
			],
			"Chapter_11_ambanker_2021_02_24T15_06_33_763Z_SP_2021_TDF_xml" : [
				21,
				23,
				25,
				27,
				29,
				31,
				33,
				35,
				37,
				39,
				41,
				43,
				45,
				47,
				49
			],
			"Chapter_12_ambanker_2021_02_24T15_06_51_782Z_SP_2021_TDF_xml" : [
				18
			]
		},
		"RhmRZcF2tmvwdyuYu" : {
			"Chapter_19_ambanker_2020_10_09T15_16_38_309Z_SP_2021_TDF_xml" : [
				18,
				20,
				22,
				24,
				26,
				28,
				30,
				32,
				34,
				36,
				38,
				40,
				42
			],
			"Chapter_14_ambanker_2020_10_19T20_56_08_150Z_SP_2021_TDF_xml" : [
				18,
				20,
				22,
				24,
				26,
				28,
				30,
				32,
				34,
				36,
				38,
				40,
				42,
				44,
				46
			],
			"Chapter_16_ambanker_2020_11_09T03_42_56_411Z_SP_2021_TDF_xml" : [
				18,
				20,
				22,
				24,
				26,
				28,
				30,
				32,
				34,
				36,
				38,
				40,
				42,
				44,
				46
			],
			"Chapter_17_ambanker_2020_11_11T15_41_17_634Z_SP_2021_TDF_xml" : [
				18,
				20,
				22,
				24,
				26,
				28,
				30,
				32,
				34,
				36,
				38,
				40,
				42,
				44,
				46
			],
			"Chapter_21_ambanker_2020_12_03T04_19_20_659Z_SP_2021_TDF_xml" : [
				18,
				20,
				22,
				24,
				26,
				28,
				30,
				32,
				34,
				36,
				38,
				40,
				42,
				44,
				46
			],
			"Chapter_20_ambanker_2020_12_03T04_20_32_769Z_SP_2021_TDF_xml" : [
				18,
				20,
				22,
				24,
				26,
				32,
				34,
				36,
				38,
				40,
				42,
				48,
				50,
				52,
				54
			]
		},
		"Mm7pm6F2oWyM7xJuS" : {
			"Chapter_5_ambanker_2021_02_24T15_04_32_954Z_SP_2021_TDF_xml" : [
				18,
				20,
				26,
				28,
				30,
				32,
				34,
				36,
				38,
				40,
				42,
				44,
				46,
				48,
				50
			],
			"Chapter_6_ambanker_2021_02_24T15_04_51_796Z_SP_2021_TDF_xml" : [
				18,
				20,
				26,
				28,
				30,
				32,
				34,
				36,
				38,
				40,
				42,
				44,
				46,
				48,
				50
			],
			"Chapter_7_ambanker_2021_02_24T15_05_08_864Z_SP_2021_TDF_xml" : [
				18,
				20,
				22,
				24,
				26,
				28,
				30,
				32,
				34,
				36,
				38,
				40,
				42,
				48,
				50
			],
			"Chapter_8_ambanker_2021_02_24T15_05_36_123Z_SP_2021_TDF_xml" : [
				18,
				20,
				22,
				24,
				26,
				28,
				30,
				32,
				34,
				36,
				42,
				44,
				46,
				48,
				50
			],
			"Chapter_9_ambanker_2021_02_24T15_05_55_649Z_SP_2021_TDF_xml" : [
				18,
				20,
				22,
				24,
				30,
				32,
				34,
				36,
				38,
				40,
				42,
				44,
				46,
				48,
				50
			],
			"Chapter_10_ambanker_2021_02_24T15_06_11_642Z_SP_2021_TDF_xml" : [
				18,
				20,
				22,
				24,
				26,
				28,
				30,
				32,
				34,
				36,
				38,
				44,
				46,
				48,
				50
			]
		},
		"xfJdeBYiruJnxXoic" : {
			"Chapter_14_ambanker_2020_10_19T20_56_08_150Z_SP_2021_TDF_xml" : [
				18,
				20
			]
		},
		"5F6kRMWLWejggsRXQ" : {
			"Chapter_5_ambanker_2021_02_24T15_04_32_954Z_SP_2021_TDF_xml" : [
				18,
				20,
				22,
				24,
				26,
				28,
				30,
				32,
				34,
				36,
				38,
				40,
				42,
				44,
				46
			],
			"Chapter_6_ambanker_2021_02_24T15_04_51_796Z_SP_2021_TDF_xml" : [
				18,
				20,
				22,
				24,
				26,
				28,
				30,
				32,
				34,
				36,
				38,
				40,
				42,
				44,
				46
			],
			"Chapter_7_ambanker_2021_02_24T15_05_08_864Z_SP_2021_TDF_xml" : [
				18,
				20,
				22,
				24,
				26,
				28,
				30,
				32,
				34,
				36,
				38,
				40,
				42,
				44,
				46
			],
			"Chapter_8_ambanker_2021_02_24T15_05_36_123Z_SP_2021_TDF_xml" : [
				18,
				20,
				22,
				24,
				26,
				28,
				30,
				32,
				34,
				36,
				38,
				40,
				42,
				44,
				46
			],
			"Chapter_9_ambanker_2021_02_24T15_05_55_649Z_SP_2021_TDF_xml" : [
				18,
				20,
				22,
				24,
				26,
				28,
				30,
				32,
				34,
				36,
				38,
				40,
				42,
				44,
				46
			]
		},
		"azutrutA6WG9ajdRz" : {
			"Chapter_5_ambanker_2021_02_24T15_04_32_954Z_SP_2021_TDF_xml" : [
				18,
				20,
				22,
				24,
				26,
				28,
				30,
				32,
				34,
				36,
				38,
				40,
				42,
				44,
				46
			],
			"Chapter_6_ambanker_2021_02_24T15_04_51_796Z_SP_2021_TDF_xml" : [
				18,
				20,
				22,
				24,
				26,
				28,
				30,
				32,
				34,
				36,
				38,
				40,
				42,
				44,
				46
			],
			"Chapter_7_ambanker_2021_02_24T15_05_08_864Z_SP_2021_TDF_xml" : [
				18,
				20,
				22,
				24,
				26,
				28,
				30,
				32,
				34,
				36,
				38,
				40,
				42,
				44,
				46
			],
			"Chapter_8_ambanker_2021_02_24T15_05_36_123Z_SP_2021_TDF_xml" : [
				18,
				20,
				22,
				24,
				26,
				28,
				30,
				32,
				34,
				36,
				38,
				40,
				42,
				44,
				46
			],
			"Chapter_9_ambanker_2021_02_24T15_05_55_649Z_SP_2021_TDF_xml" : [
				18,
				20,
				22,
				24,
				26,
				28,
				30,
				32,
				34,
				36,
				38,
				40,
				42,
				44,
				46
			]
		},
		"CGdLQKxgu4PpDdKfZ" : {
			"Chapter_5_ambanker_2021_02_24T15_04_32_954Z_SP_2021_TDF_xml" : [
				22,
				28,
				30,
				36,
				38,
				40,
				42,
				44,
				46,
				48,
				50,
				56,
				62
			],
			"Chapter_7_ambanker_2021_02_24T15_05_08_864Z_SP_2021_TDF_xml" : [
				18,
				20,
				22,
				24,
				34,
				36
			]
		},
		"szGzxL4LyFCkBC6pw" : {
			"Chapter_5_ambanker_2021_02_24T15_04_32_954Z_SP_2021_TDF_xml" : [
				18,
				20,
				22,
				24,
				26,
				28,
				30,
				32,
				34,
				36,
				38,
				40,
				42,
				44,
				46
			],
			"Chapter_6_ambanker_2021_02_24T15_04_51_796Z_SP_2021_TDF_xml" : [
				18,
				20,
				22,
				24,
				26,
				28,
				30,
				32,
				34,
				36,
				38,
				40,
				42,
				44,
				46
			],
			"Chapter_7_ambanker_2021_02_24T15_05_08_864Z_SP_2021_TDF_xml" : [
				18,
				20,
				22,
				24,
				26,
				28,
				30,
				32,
				34,
				36,
				38,
				40,
				42,
				44,
				46
			],
			"Chapter_8_ambanker_2021_02_24T15_05_36_123Z_SP_2021_TDF_xml" : [
				22,
				24,
				26,
				28,
				30,
				32,
				34,
				36,
				38,
				40,
				42,
				44,
				46,
				48,
				50
			],
			"Chapter_9_ambanker_2021_02_24T15_05_55_649Z_SP_2021_TDF_xml" : [
				18,
				20,
				22,
				24,
				26,
				28,
				30,
				32,
				34,
				36,
				38,
				40,
				42,
				44,
				46
			],
			"Chapter_10_ambanker_2021_02_24T15_06_11_642Z_SP_2021_TDF_xml" : [
				18,
				20,
				22,
				24,
				26,
				28,
				30,
				32,
				34,
				36,
				38,
				40,
				42,
				44,
				46
			]
		},
		"BHWTSF8PYSfBtrGhf" : {
			"Chapter_5_ambanker_2021_02_24T15_04_32_954Z_SP_2021_TDF_xml" : [
				18,
				20,
				22,
				24,
				30,
				32,
				34,
				36,
				38,
				40,
				42,
				44,
				46,
				48,
				50
			],
			"Chapter_6_ambanker_2021_02_24T15_04_51_796Z_SP_2021_TDF_xml" : [
				18,
				20,
				22,
				24,
				26,
				28,
				30,
				32,
				34,
				36,
				38,
				40,
				42,
				44,
				46
			],
			"Chapter_8_ambanker_2021_02_24T15_05_36_123Z_SP_2021_TDF_xml" : [
				18,
				24,
				26,
				28,
				30,
				32,
				34,
				36,
				38,
				40,
				42,
				44,
				46,
				48,
				50
			],
			"Chapter_7_ambanker_2021_02_24T15_05_08_864Z_SP_2021_TDF_xml" : [
				18,
				20,
				22,
				28,
				30,
				32,
				34,
				36,
				38,
				40,
				42,
				44,
				46,
				48,
				50
			],
			"Chapter_9_ambanker_2021_02_24T15_05_55_649Z_SP_2021_TDF_xml" : [
				18,
				20,
				26,
				28,
				30,
				32,
				34,
				36,
				38,
				40,
				42,
				44,
				46,
				48,
				50
			],
			"Chapter_10_ambanker_2021_02_24T15_06_11_642Z_SP_2021_TDF_xml" : [
				18,
				20,
				22,
				24,
				26,
				28,
				30,
				32,
				34,
				36,
				38,
				40,
				42,
				44,
				46
			]
		},
		"bCB7AyNcjPezBiQTC" : {
			"Chapter_5_ambanker_2021_02_24T15_04_32_954Z_SP_2021_TDF_xml" : [
				18,
				20,
				22,
				24,
				26,
				28,
				30,
				32,
				34,
				36,
				38,
				40,
				42,
				44,
				46
			],
			"Chapter_6_ambanker_2021_02_24T15_04_51_796Z_SP_2021_TDF_xml" : [
				18,
				20,
				22,
				24,
				26,
				28,
				30,
				32,
				34,
				36,
				38,
				40,
				42,
				44,
				46
			],
			"Chapter_9_ambanker_2021_02_24T15_05_55_649Z_SP_2021_TDF_xml" : [
				18,
				20,
				22,
				24,
				26,
				28,
				30,
				32,
				34,
				36,
				38,
				40,
				42,
				44,
				46
			],
			"Chapter_10_ambanker_2021_02_24T15_06_11_642Z_SP_2021_TDF_xml" : [
				18,
				20,
				22,
				24,
				26,
				28,
				30,
				32,
				34,
				36,
				38,
				40,
				42,
				44,
				46
			]
		},
		"FycPxDMg9yZ63c8ar" : {
			"Chapter_5_ambanker_2021_02_24T15_04_32_954Z_SP_2021_TDF_xml" : [
				18,
				20,
				26,
				28,
				30,
				36,
				38,
				40,
				46,
				48,
				54,
				56,
				58,
				60,
				62
			],
			"Chapter_6_ambanker_2021_02_24T15_04_51_796Z_SP_2021_TDF_xml" : [
				18,
				20,
				22,
				24,
				26,
				28,
				34,
				36,
				42,
				44,
				46,
				48,
				50,
				52,
				54
			],
			"Chapter_7_ambanker_2021_02_24T15_05_08_864Z_SP_2021_TDF_xml" : [
				18,
				20,
				26,
				28,
				30,
				32,
				34,
				36,
				38,
				44,
				46,
				48,
				50,
				52,
				54
			],
			"Chapter_8_ambanker_2021_02_24T15_05_36_123Z_SP_2021_TDF_xml" : [
				18,
				20,
				26,
				28,
				34,
				36,
				42,
				44,
				46,
				48,
				50,
				52,
				54,
				56,
				58
			],
			"Chapter_9_ambanker_2021_02_24T15_05_55_649Z_SP_2021_TDF_xml" : [
				18,
				20,
				22,
				28,
				30,
				32,
				34,
				40,
				42,
				44,
				46,
				48,
				54,
				56,
				58
			],
			"Chapter_10_ambanker_2021_02_24T15_06_11_642Z_SP_2021_TDF_xml" : [
				21,
				23,
				29,
				31,
				33,
				39,
				41,
				47,
				49,
				55,
				57,
				63,
				65,
				71,
				73
			],
			"Chapter_11_ambanker_2021_02_24T15_06_33_763Z_SP_2021_TDF_xml" : [
				18,
				20,
				26,
				28,
				34,
				36,
				42,
				44,
				50,
				52,
				58,
				60,
				67,
				69,
				75
			],
			"Chapter_12_ambanker_2021_02_24T15_06_51_782Z_SP_2021_TDF_xml" : [
				18,
				20,
				26,
				28,
				34,
				36,
				42,
				44,
				50,
				52,
				58,
				60,
				66,
				68,
				74
			]
		},
		"RntiwZDSSXBDrTphe" : {
			"Chapter_5_ambanker_2021_02_24T15_04_32_954Z_SP_2021_TDF_xml" : [
				18,
				20,
				22,
				24,
				26,
				28,
				30,
				32,
				34,
				36,
				38,
				40,
				42,
				48,
				50
			],
			"Chapter_7_ambanker_2021_02_24T15_05_08_864Z_SP_2021_TDF_xml" : [
				18,
				20,
				22,
				24,
				26,
				28,
				30,
				32,
				34,
				36,
				38,
				40,
				42,
				44,
				46
			],
			"Chapter_8_ambanker_2021_02_24T15_05_36_123Z_SP_2021_TDF_xml" : [
				18,
				20,
				22,
				24,
				26,
				28,
				30,
				32,
				34,
				36,
				38,
				40,
				42,
				44,
				46
			]
		},
		"nd2dkpjzFZ6DRT5EC" : {
			"Chapter_5_ambanker_2021_02_24T15_04_32_954Z_SP_2021_TDF_xml" : [
				18,
				20,
				22,
				24,
				26,
				28,
				30,
				32,
				34,
				36,
				38,
				40,
				42,
				44,
				46
			],
			"Chapter_6_ambanker_2021_02_24T15_04_51_796Z_SP_2021_TDF_xml" : [
				18,
				20,
				22,
				24,
				26,
				28,
				30,
				32,
				34,
				36,
				38,
				40,
				42,
				44,
				46
			],
			"Chapter_9_ambanker_2021_02_24T15_05_55_649Z_SP_2021_TDF_xml" : [
				18,
				20,
				22,
				24,
				26,
				28,
				30,
				32,
				34,
				36,
				38,
				40,
				42,
				44,
				46
			],
			"Chapter_10_ambanker_2021_02_24T15_06_11_642Z_SP_2021_TDF_xml" : [
				18,
				20,
				22,
				24,
				26,
				28,
				30,
				32,
				34,
				36,
				38,
				40
			]
		},
		"WM4Wc4Ht8shje3Yim" : {
			"Chapter_5_ambanker_2021_02_24T15_04_32_954Z_SP_2021_TDF_xml" : [
				18,
				20,
				22,
				24,
				26,
				28,
				34,
				36,
				38,
				40,
				42,
				44,
				46,
				48,
				50
			],
			"Chapter_6_ambanker_2021_02_24T15_04_51_796Z_SP_2021_TDF_xml" : [
				18,
				20,
				26,
				28,
				30,
				32,
				34,
				36,
				38,
				40,
				42,
				44,
				46,
				48,
				50
			],
			"Chapter_7_ambanker_2021_02_24T15_05_08_864Z_SP_2021_TDF_xml" : [
				18,
				20,
				22,
				24,
				26,
				28,
				30,
				32,
				34,
				36,
				38,
				40,
				42,
				44,
				46
			],
			"Chapter_8_ambanker_2021_02_24T15_05_36_123Z_SP_2021_TDF_xml" : [
				18,
				20,
				22,
				24,
				26,
				28,
				30,
				32,
				34,
				36,
				38,
				40,
				42,
				44,
				46
			],
			"Chapter_9_ambanker_2021_02_24T15_05_55_649Z_SP_2021_TDF_xml" : [
				18,
				20,
				26,
				28,
				30,
				32,
				34,
				36,
				38,
				40,
				42,
				44,
				46,
				48,
				50
			],
			"Chapter_11_ambanker_2021_02_24T15_06_33_763Z_SP_2021_TDF_xml" : [
				18,
				20,
				22,
				24,
				26,
				28,
				30,
				32,
				34,
				36,
				38,
				40,
				42,
				44,
				46
			]
		},
		"hFe2SfQiZZcMYBMCB" : {
			"Chapter_5_ambanker_2021_02_24T15_04_32_954Z_SP_2021_TDF_xml" : [
				18,
				20,
				22,
				24,
				26,
				28,
				30,
				32,
				34,
				36,
				38,
				40,
				42,
				44,
				46
			],
			"Chapter_6_ambanker_2021_02_24T15_04_51_796Z_SP_2021_TDF_xml" : [
				20,
				22,
				24,
				26,
				28,
				30,
				32,
				34,
				36,
				38,
				40,
				42,
				44,
				46,
				48
			],
			"Chapter_7_ambanker_2021_02_24T15_05_08_864Z_SP_2021_TDF_xml" : [
				18,
				20,
				22,
				24,
				26,
				28,
				30,
				32,
				34,
				36,
				38,
				40,
				46,
				48,
				50
			],
			"Chapter_8_ambanker_2021_02_24T15_05_36_123Z_SP_2021_TDF_xml" : [
				18,
				20,
				25,
				31,
				33,
				35,
				37,
				39,
				41,
				43,
				45,
				47,
				49,
				51,
				53
			],
			"Chapter_10_ambanker_2021_02_24T15_06_11_642Z_SP_2021_TDF_xml" : [
				18,
				20,
				22,
				24,
				26,
				28,
				30,
				32,
				34,
				36,
				38,
				40,
				42,
				44,
				46
			],
			"Chapter_11_ambanker_2021_02_24T15_06_33_763Z_SP_2021_TDF_xml" : [
				18,
				20,
				22,
				24,
				26,
				28,
				30,
				32,
				34,
				36,
				38,
				40,
				42,
				44,
				46
			],
			"Chapter_12_ambanker_2021_02_24T15_06_51_782Z_SP_2021_TDF_xml" : [
				19,
				21,
				23,
				25,
				27,
				29,
				31,
				33,
				35,
				37,
				39,
				41,
				43,
				45,
				47
			],
			"Chapter_9_ambanker_2021_02_24T15_05_55_649Z_SP_2021_TDF_xml" : [
				21,
				23,
				25,
				27,
				29,
				31,
				33,
				35,
				37,
				39,
				41,
				43,
				45,
				47,
				49
			]
		},
		"QzY7Pu5QvDRYH6dn9" : {
			"Chapter_5_ambanker_2021_02_24T15_04_32_954Z_SP_2021_TDF_xml" : [
				20,
				22,
				24,
				26,
				28,
				30,
				32,
				34,
				36,
				38,
				40,
				42,
				44,
				46,
				48
			],
			"Chapter_7_ambanker_2021_02_24T15_05_08_864Z_SP_2021_TDF_xml" : [
				18
			],
			"Chapter_9_ambanker_2021_02_24T15_05_55_649Z_SP_2021_TDF_xml" : [
				18,
				20,
				22,
				24,
				26,
				28,
				30,
				32,
				34,
				36,
				38,
				40,
				42,
				44,
				46
			]
		},
		"JxpgPrnBB7LCEsrNQ" : {
			"Chapter_19_ambanker_2020_10_09T15_16_38_309Z_SP_2021_TDF_xml" : [
				18,
				20,
				22,
				24,
				26,
				28,
				30,
				32,
				34,
				36,
				38,
				40,
				42,
				44,
				46
			],
			"Chapter_14_ambanker_2020_10_19T20_56_08_150Z_SP_2021_TDF_xml" : [
				18,
				20,
				22,
				24,
				26,
				28,
				30,
				32,
				34,
				36,
				38,
				40,
				42,
				44,
				46
			]
		},
		"aJwuoxtZM3gkjoKDQ" : {
			"Chapter_5_ambanker_2021_02_24T15_04_32_954Z_SP_2021_TDF_xml" : [
				20,
				22,
				24,
				26,
				32,
				34,
				36,
				38,
				40,
				42,
				44,
				46,
				48,
				50,
				52
			],
			"Chapter_6_ambanker_2021_02_24T15_04_51_796Z_SP_2021_TDF_xml" : [
				18,
				20,
				22,
				24,
				30,
				32,
				34,
				36,
				38,
				40,
				42,
				44,
				46,
				48,
				50
			],
			"Chapter_7_ambanker_2021_02_24T15_05_08_864Z_SP_2021_TDF_xml" : [
				18,
				20,
				22,
				24,
				26,
				28,
				30,
				32,
				34,
				36,
				38,
				40,
				42,
				44,
				46
			],
			"Chapter_8_ambanker_2021_02_24T15_05_36_123Z_SP_2021_TDF_xml" : [
				19,
				21,
				23,
				25,
				27,
				29,
				31,
				33,
				35,
				37,
				39,
				41,
				43,
				45,
				47
			],
			"Chapter_9_ambanker_2021_02_24T15_05_55_649Z_SP_2021_TDF_xml" : [
				18,
				20,
				22,
				24,
				26,
				28,
				30,
				32,
				34,
				36,
				38,
				40,
				42,
				44,
				46
			],
			"Chapter_10_ambanker_2021_02_24T15_06_11_642Z_SP_2021_TDF_xml" : [
				18,
				20,
				26,
				28,
				30,
				32,
				34,
				36,
				38,
				40,
				42,
				44,
				46,
				48,
				50
			],
			"Chapter_11_ambanker_2021_02_24T15_06_33_763Z_SP_2021_TDF_xml" : [
				18,
				20,
				22,
				24,
				26,
				28,
				30,
				32,
				34,
				36,
				38,
				40,
				42,
				44,
				46
			],
			"Chapter_12_ambanker_2021_02_24T15_06_51_782Z_SP_2021_TDF_xml" : [
				18,
				20,
				22,
				24,
				26,
				28,
				30,
				32,
				38,
				40,
				42,
				44,
				46,
				48,
				50
			]
		},
		"BsFuNe9btFQ9kfHqN" : {
			"Chapter_5_ambanker_2021_02_24T15_04_32_954Z_SP_2021_TDF_xml" : [
				19,
				21,
				23,
				25,
				31,
				33,
				35,
				37,
				39,
				41,
				43,
				45,
				47,
				49,
				51
			],
			"Chapter_6_ambanker_2021_02_24T15_04_51_796Z_SP_2021_TDF_xml" : [
				18,
				20,
				22,
				24,
				26,
				28,
				30,
				32,
				34,
				36,
				38,
				44,
				46,
				48,
				50
			],
			"Chapter_7_ambanker_2021_02_24T15_05_08_864Z_SP_2021_TDF_xml" : [
				18,
				20,
				22,
				24,
				26,
				28,
				30,
				32,
				34,
				36,
				38,
				40,
				42,
				44,
				46
			],
			"Chapter_8_ambanker_2021_02_24T15_05_36_123Z_SP_2021_TDF_xml" : [
				18,
				20,
				22,
				24,
				26,
				28,
				30,
				32,
				34,
				36,
				38,
				40,
				42,
				44,
				46
			],
			"Chapter_9_ambanker_2021_02_24T15_05_55_649Z_SP_2021_TDF_xml" : [
				18,
				20,
				22,
				24,
				26,
				28,
				30,
				32,
				34,
				36,
				38,
				40,
				42,
				44,
				46
			],
			"Chapter_11_ambanker_2021_02_24T15_06_33_763Z_SP_2021_TDF_xml" : [
				18,
				20,
				22,
				24,
				26,
				28,
				30,
				32,
				34,
				36,
				38,
				40,
				42,
				44,
				46
			],
			"Chapter_12_ambanker_2021_02_24T15_06_51_782Z_SP_2021_TDF_xml" : [
				18,
				20,
				22,
				24,
				26,
				28,
				30,
				32,
				34,
				36,
				38,
				40,
				42,
				44,
				46
			]
		},
		"iGWhJFPKtwjLYDpCb" : {
			"Chapter_5_ambanker_2021_02_24T15_04_32_954Z_SP_2021_TDF_xml" : [
				18,
				20,
				22,
				24,
				26,
				28,
				30,
				32,
				34,
				36,
				38,
				40,
				42,
				44,
				46
			],
			"Chapter_6_ambanker_2021_02_24T15_04_51_796Z_SP_2021_TDF_xml" : [
				18,
				20,
				22,
				24,
				26,
				28,
				30,
				32,
				34,
				40,
				42,
				44,
				46,
				48,
				50
			],
			"Chapter_7_ambanker_2021_02_24T15_05_08_864Z_SP_2021_TDF_xml" : [
				18,
				20,
				22,
				24,
				26,
				28,
				30,
				32,
				34,
				36,
				38,
				40,
				42,
				44,
				46
			],
			"Chapter_8_ambanker_2021_02_24T15_05_36_123Z_SP_2021_TDF_xml" : [
				18,
				20,
				22,
				24,
				26,
				28,
				30,
				32,
				34,
				36,
				38,
				40,
				42,
				44,
				46
			]
		},
		"LhkiR5ZfkYjyvddR8" : {
			"Chapter_19_ambanker_2020_10_09T15_16_38_309Z_SP_2021_TDF_xml" : [
				18,
				20,
				26,
				28,
				30,
				32,
				39,
				41,
				43,
				45,
				47,
				49,
				51,
				53,
				55
			]
		},
		"cy9oWe5hJ9ytdFTQM" : {
			"Chapter_5_ambanker_2021_02_24T15_04_32_954Z_SP_2021_TDF_xml" : [
				18,
				20,
				22
			],
			"Chapter_9_ambanker_2021_02_24T15_05_55_649Z_SP_2021_TDF_xml" : [
				18,
				20,
				22,
				24,
				26,
				28,
				30,
				32,
				34,
				36,
				38,
				40,
				42,
				44,
				46
			],
			"Chapter_11_ambanker_2021_02_24T15_06_33_763Z_SP_2021_TDF_xml" : [
				18,
				20,
				22,
				24,
				26,
				28,
				30,
				32,
				34,
				36,
				38,
				40,
				42,
				44,
				46
			],
			"Chapter_12_ambanker_2021_02_24T15_06_51_782Z_SP_2021_TDF_xml" : [
				18,
				20,
				22,
				24,
				26,
				28,
				30,
				32,
				34,
				36,
				38,
				40,
				42,
				44,
				46
			]
		},
		"ku5NDYFMfqRGSWBNa" : {
			"Chapter_5_ambanker_2021_02_24T15_04_32_954Z_SP_2021_TDF_xml" : [
				19,
				21,
				27,
				29,
				31,
				33,
				35,
				37,
				43,
				45,
				47,
				49,
				51,
				53,
				55
			],
			"Chapter_6_ambanker_2021_02_24T15_04_51_796Z_SP_2021_TDF_xml" : [
				18,
				24,
				26,
				28,
				34,
				36,
				38,
				40,
				42,
				44,
				46,
				48,
				50,
				52,
				54
			],
			"Chapter_10_ambanker_2021_02_24T15_06_11_642Z_SP_2021_TDF_xml" : [
				22,
				24,
				26,
				28,
				30,
				32,
				34,
				36,
				38,
				40,
				42,
				44,
				46,
				48,
				50
			],
			"Chapter_7_ambanker_2021_02_24T15_05_08_864Z_SP_2021_TDF_xml" : [
				18,
				29,
				31,
				33,
				35,
				37,
				39,
				41,
				43,
				45,
				47,
				49,
				51,
				53,
				55
			],
			"Chapter_9_ambanker_2021_02_24T15_05_55_649Z_SP_2021_TDF_xml" : [
				21,
				27,
				29,
				31,
				33,
				35,
				37,
				39,
				41,
				43,
				45,
				47,
				49,
				51,
				53
			],
			"Chapter_8_ambanker_2021_02_24T15_05_36_123Z_SP_2021_TDF_xml" : [
				31,
				33,
				35,
				37,
				39,
				41,
				43,
				45,
				47,
				49,
				51,
				53,
				55,
				57,
				59
			],
			"Chapter_11_ambanker_2021_02_24T15_06_33_763Z_SP_2021_TDF_xml" : [
				23,
				29,
				31,
				33,
				35,
				37,
				39,
				45,
				47,
				53,
				55,
				57,
				59,
				61,
				63
			],
			"Chapter_12_ambanker_2021_02_24T15_06_51_782Z_SP_2021_TDF_xml" : [
				18,
				24,
				26,
				32,
				34,
				36,
				42,
				44,
				46,
				48,
				50,
				52,
				54,
				56,
				58
			]
		},
		"gg5eownMG4kx4LhBz" : {
			"Chapter_19_ambanker_2020_10_09T15_16_38_309Z_SP_2021_TDF_xml" : [
				18,
				20,
				22,
				28,
				30,
				36,
				38,
				40,
				42,
				44,
				50,
				52,
				54,
				56,
				58
			]
		},
		"JRW25kwzGQdaHQEXh" : {
			"Chapter_5_ambanker_2021_02_24T15_04_32_954Z_SP_2021_TDF_xml" : [
				19,
				21,
				23,
				29,
				31
			]
		},
		"F7WtHZJQnZk4zLe8x" : {
			"Chapter_5_ambanker_2021_02_24T15_04_32_954Z_SP_2021_TDF_xml" : [
				18,
				20,
				22,
				24,
				26,
				28,
				30,
				32,
				34,
				36,
				38,
				40,
				42,
				44,
				46
			],
			"Chapter_6_ambanker_2021_02_24T15_04_51_796Z_SP_2021_TDF_xml" : [
				18,
				20,
				22,
				24,
				26,
				28,
				30,
				32,
				34,
				36,
				38,
				40,
				42,
				44,
				46
			],
			"Chapter_7_ambanker_2021_02_24T15_05_08_864Z_SP_2021_TDF_xml" : [
				18,
				20,
				22,
				24,
				26,
				28,
				30,
				32,
				34,
				36,
				38,
				40,
				42,
				44,
				46
			],
			"Chapter_8_ambanker_2021_02_24T15_05_36_123Z_SP_2021_TDF_xml" : [
				18,
				20,
				22,
				24,
				26,
				28,
				30,
				32,
				34,
				36,
				38,
				40,
				42,
				44,
				46
			],
			"Chapter_9_ambanker_2021_02_24T15_05_55_649Z_SP_2021_TDF_xml" : [
				18,
				20,
				22,
				24,
				26,
				32,
				34,
				36,
				38,
				40,
				42,
				44,
				46,
				48,
				50
			],
			"Chapter_11_ambanker_2021_02_24T15_06_33_763Z_SP_2021_TDF_xml" : [
				18,
				20,
				22,
				28,
				30,
				32,
				34,
				36,
				38,
				40,
				42,
				44,
				46,
				48,
				50
			],
			"Chapter_12_ambanker_2021_02_24T15_06_51_782Z_SP_2021_TDF_xml" : [
				18,
				20,
				22,
				24,
				26,
				28,
				30,
				32,
				34,
				36,
				38,
				44,
				46,
				48,
				50
			]
		},
		"SAFrsgYYc4RSRHktP" : {
			"Chapter_5_ambanker_2021_02_24T15_04_32_954Z_SP_2021_TDF_xml" : [
				18,
				20,
				22,
				28,
				30,
				32,
				34,
				36,
				38,
				40,
				42,
				44,
				46,
				48,
				50
			],
			"Chapter_10_ambanker_2021_02_24T15_06_11_642Z_SP_2021_TDF_xml" : [
				18,
				20,
				22,
				24,
				26,
				28,
				30,
				32,
				34,
				36,
				38,
				40,
				42,
				44,
				50
			]
		},
		"JFvidpJeFxEw2B9RP" : {
			"Chapter_5_ambanker_2021_02_24T15_04_32_954Z_SP_2021_TDF_xml" : [
				18,
				20,
				22,
				24,
				26,
				28,
				30,
				32,
				34,
				36,
				38,
				40,
				42,
				44,
				46
			],
			"Chapter_6_ambanker_2021_02_24T15_04_51_796Z_SP_2021_TDF_xml" : [
				18,
				20,
				22,
				24,
				26,
				28,
				30,
				32,
				34,
				36,
				38,
				40,
				42,
				44,
				46
			],
			"Chapter_7_ambanker_2021_02_24T15_05_08_864Z_SP_2021_TDF_xml" : [
				19,
				21,
				23,
				25,
				27,
				29,
				31,
				33,
				35,
				37,
				39,
				41,
				43,
				45,
				47
			],
			"Chapter_8_ambanker_2021_02_24T15_05_36_123Z_SP_2021_TDF_xml" : [
				18,
				20,
				22,
				24,
				26,
				28,
				30,
				32,
				34,
				36,
				38,
				40,
				42,
				44,
				46
			],
			"Chapter_9_ambanker_2021_02_24T15_05_55_649Z_SP_2021_TDF_xml" : [
				18,
				20,
				22,
				24,
				26,
				28,
				30,
				32,
				34,
				36,
				38,
				40,
				42,
				44,
				46
			],
			"Chapter_10_ambanker_2021_02_24T15_06_11_642Z_SP_2021_TDF_xml" : [
				20,
				22,
				24,
				26,
				28,
				30,
				32,
				34,
				36,
				38,
				40,
				42,
				44,
				46,
				48
			],
			"Chapter_11_ambanker_2021_02_24T15_06_33_763Z_SP_2021_TDF_xml" : [
				18,
				20,
				22,
				24,
				26,
				28,
				30,
				32,
				34,
				36,
				38,
				40,
				42,
				44,
				46
			],
			"Chapter_12_ambanker_2021_02_24T15_06_51_782Z_SP_2021_TDF_xml" : [
				18,
				20,
				22,
				24,
				26,
				28,
				30,
				32,
				34,
				36,
				38,
				40,
				42,
				44,
				46
			]
		},
		"h77MTB94EXunHWSC3" : {
			"Chapter_5_ambanker_2021_02_24T15_04_32_954Z_SP_2021_TDF_xml" : [
				18,
				20,
				22,
				24,
				26,
				28,
				30,
				32,
				34,
				36,
				38,
				40,
				42,
				44,
				46
			],
			"Chapter_6_ambanker_2021_02_24T15_04_51_796Z_SP_2021_TDF_xml" : [
				22,
				24,
				26,
				28,
				30,
				32,
				34,
				36,
				38,
				40,
				42,
				44,
				46,
				48,
				50
			],
			"Chapter_7_ambanker_2021_02_24T15_05_08_864Z_SP_2021_TDF_xml" : [
				18,
				20,
				22,
				24,
				26,
				28,
				30,
				32,
				34,
				36,
				38,
				40,
				42,
				44,
				46
			],
			"Chapter_8_ambanker_2021_02_24T15_05_36_123Z_SP_2021_TDF_xml" : [
				18,
				20,
				22,
				24,
				26,
				28,
				30,
				32,
				34,
				36,
				38,
				40,
				42,
				44,
				46
			],
			"Chapter_9_ambanker_2021_02_24T15_05_55_649Z_SP_2021_TDF_xml" : [
				18,
				20,
				22,
				24,
				26,
				28,
				30,
				32,
				34,
				36,
				38,
				40,
				42,
				44,
				46
			],
			"Chapter_10_ambanker_2021_02_24T15_06_11_642Z_SP_2021_TDF_xml" : [
				18,
				20,
				22,
				24,
				26,
				28,
				30,
				32,
				34,
				36,
				38,
				40,
				42,
				44,
				46
			],
			"Chapter_11_ambanker_2021_02_24T15_06_33_763Z_SP_2021_TDF_xml" : [
				18,
				20,
				22,
				24,
				26,
				28,
				30,
				32,
				34,
				36,
				38,
				40,
				42,
				44,
				46
			],
			"Chapter_12_ambanker_2021_02_24T15_06_51_782Z_SP_2021_TDF_xml" : [
				18,
				20,
				22,
				24,
				26,
				28,
				30,
				32,
				34,
				36,
				38,
				40,
				42,
				44,
				46
			]
		},
		"Zw8CNPBxPdpriPrey" : {
			"Chapter_5_ambanker_2021_02_24T15_04_32_954Z_SP_2021_TDF_xml" : [
				18,
				20,
				26,
				28,
				30,
				32,
				34,
				36,
				38,
				40,
				42,
				44,
				46,
				48,
				50
			],
			"Chapter_6_ambanker_2021_02_24T15_04_51_796Z_SP_2021_TDF_xml" : [
				18,
				20,
				22,
				24,
				26,
				28,
				30,
				32,
				34,
				36,
				38,
				40,
				42,
				44,
				46
			],
			"Chapter_7_ambanker_2021_02_24T15_05_08_864Z_SP_2021_TDF_xml" : [
				18,
				20,
				22,
				24,
				26,
				28,
				30,
				32,
				34,
				36,
				38,
				40,
				42,
				44,
				46
			],
			"Chapter_8_ambanker_2021_02_24T15_05_36_123Z_SP_2021_TDF_xml" : [
				18,
				20,
				22,
				24,
				26,
				28,
				30,
				32,
				34,
				36,
				38,
				40,
				42,
				44,
				46
			],
			"Chapter_9_ambanker_2021_02_24T15_05_55_649Z_SP_2021_TDF_xml" : [
				18,
				20,
				22,
				24,
				26,
				28,
				30,
				32,
				34,
				36,
				38,
				40,
				42,
				44,
				46
			],
			"Chapter_11_ambanker_2021_02_24T15_06_33_763Z_SP_2021_TDF_xml" : [
				18,
				20,
				22,
				24,
				26,
				28,
				30,
				32,
				34,
				36,
				38,
				40,
				42,
				44,
				46
			]
		},
		"y2EcYAojkyjanseJ8" : {
			"Chapter_5_ambanker_2021_02_24T15_04_32_954Z_SP_2021_TDF_xml" : [
				18,
				20,
				26,
				28,
				30,
				32,
				38,
				40,
				42,
				44,
				46,
				48,
				50,
				52,
				54
			],
			"Chapter_6_ambanker_2021_02_24T15_04_51_796Z_SP_2021_TDF_xml" : [
				18,
				20,
				22,
				24,
				26,
				28,
				30,
				32,
				34
			],
			"Chapter_9_ambanker_2021_02_24T15_05_55_649Z_SP_2021_TDF_xml" : [
				18,
				24,
				26,
				28,
				30,
				32,
				34,
				36,
				38,
				40,
				42,
				44,
				46,
				48,
				50
			]
		},
		"D8BhvBFdQdWbadYCH" : {
			"Chapter_7_ambanker_2021_02_24T15_05_08_864Z_SP_2021_TDF_xml" : [
				18,
				24,
				26
			]
		},
		"6sP9YBtj7qstoEqw7" : {
			"Chapter_5_ambanker_2021_02_24T15_04_32_954Z_SP_2021_TDF_xml" : [
				18,
				20,
				22,
				24,
				30,
				32,
				34,
				36,
				38,
				40,
				42,
				44,
				46,
				48,
				50
			],
			"Chapter_6_ambanker_2021_02_24T15_04_51_796Z_SP_2021_TDF_xml" : [
				18,
				20,
				22,
				24,
				26,
				28,
				30,
				32,
				34,
				36,
				38,
				40,
				42,
				44,
				46
			],
			"Chapter_10_ambanker_2021_02_24T15_06_11_642Z_SP_2021_TDF_xml" : [
				18,
				20,
				26,
				28,
				30,
				32,
				34,
				36,
				38,
				40,
				42,
				44,
				46,
				48,
				50
			],
			"Chapter_11_ambanker_2021_02_24T15_06_33_763Z_SP_2021_TDF_xml" : [
				18,
				20,
				22,
				24,
				26,
				28,
				30,
				32,
				34,
				36,
				38,
				40,
				42,
				44,
				46
			],
			"Chapter_12_ambanker_2021_02_24T15_06_51_782Z_SP_2021_TDF_xml" : [
				18,
				20,
				22,
				24,
				26,
				28,
				30,
				32,
				34,
				36,
				38,
				40,
				42,
				44
			]
		},
		"3BcYr7ewNNkSuhhit" : {
			"Chapter_19_ambanker_2020_10_09T15_16_38_309Z_SP_2021_TDF_xml" : [
				18,
				20,
				22,
				24,
				26,
				28,
				30,
				32,
				34,
				36,
				38,
				40,
				42,
				44,
				46
			]
		},
		"tz88udmiMqaMLTGRt" : {
			"Chapter_7_ambanker_2021_02_24T15_05_08_864Z_SP_2021_TDF_xml" : [
				21,
				23,
				25,
				27,
				29,
				35,
				37,
				43,
				45,
				47,
				49,
				51,
				53,
				55,
				57
			],
			"Chapter_8_ambanker_2021_02_24T15_05_36_123Z_SP_2021_TDF_xml" : [
				18,
				20,
				22,
				24,
				26,
				28,
				30,
				32,
				34,
				36,
				38,
				40,
				42,
				44,
				46
			],
			"Chapter_5_ambanker_2021_02_24T15_04_32_954Z_SP_2021_TDF_xml" : [
				18,
				20,
				22,
				24,
				26,
				28,
				30,
				32,
				34,
				36,
				38,
				40,
				42,
				44,
				46
			],
			"Chapter_9_ambanker_2021_02_24T15_05_55_649Z_SP_2021_TDF_xml" : [
				18,
				20,
				22,
				24,
				26,
				28,
				30,
				32,
				34,
				36,
				38,
				40,
				42,
				44,
				46
			],
			"Chapter_10_ambanker_2021_02_24T15_06_11_642Z_SP_2021_TDF_xml" : [
				18,
				20,
				22,
				24,
				26,
				28,
				30,
				32,
				34,
				36,
				38,
				44,
				46,
				48,
				50
			],
			"Chapter_11_ambanker_2021_02_24T15_06_33_763Z_SP_2021_TDF_xml" : [
				18,
				20,
				22,
				24,
				26,
				28,
				30,
				32,
				34,
				36,
				38,
				40,
				42,
				44,
				46
			],
			"Chapter_12_ambanker_2021_02_24T15_06_51_782Z_SP_2021_TDF_xml" : [
				18,
				20,
				22,
				24,
				26,
				28,
				30,
				32,
				34,
				36,
				38,
				40,
				42,
				44,
				46
			]
		},
		"Y5EkxRXz2aZgiwDYk" : {
			"Chapter_19_ambanker_2020_10_09T15_16_38_309Z_SP_2021_TDF_xml" : [
				18,
				20,
				22,
				24,
				30
			]
		},
		"RhZ6EfPNexKtjtmyW" : {
			"Chapter_9_ambanker_2021_02_24T15_05_55_649Z_SP_2021_TDF_xml" : [
				22,
				24,
				26,
				28,
				30,
				32,
				34,
				36,
				38,
				40,
				42,
				44,
				50,
				52,
				54
			],
			"Chapter_5_ambanker_2021_02_24T15_04_32_954Z_SP_2021_TDF_xml" : [
				18,
				20,
				22,
				24,
				26
			],
			"Chapter_6_ambanker_2021_02_24T15_04_51_796Z_SP_2021_TDF_xml" : [
				18,
				20,
				26,
				28,
				30,
				32,
				34,
				36,
				38,
				40,
				42,
				44,
				46,
				48,
				50
			],
			"Chapter_8_ambanker_2021_02_24T15_05_36_123Z_SP_2021_TDF_xml" : [
				18,
				20,
				22,
				24,
				26,
				28,
				30,
				32,
				34
			],
			"Chapter_11_ambanker_2021_02_24T15_06_33_763Z_SP_2021_TDF_xml" : [
				18,
				20,
				22,
				24,
				26,
				28,
				30,
				32,
				34,
				36,
				38,
				40,
				42,
				44,
				46
			],
			"Chapter_12_ambanker_2021_02_24T15_06_51_782Z_SP_2021_TDF_xml" : [
				18,
				20,
				22,
				24,
				26,
				28,
				30,
				32,
				34,
				36,
				38,
				40,
				42,
				44,
				46
			],
			"Chapter_10_ambanker_2021_02_24T15_06_11_642Z_SP_2021_TDF_xml" : [
				19,
				21,
				23,
				25,
				27,
				29,
				31,
				33,
				35,
				37,
				39,
				41,
				43,
				45
			]
		},
		"AicsccZPysYZNfQx6" : {
			"Chapter_19_ambanker_2020_10_09T15_16_38_309Z_SP_2021_TDF_xml" : [
				18,
				20,
				22,
				24
			]
		},
		"AQRMvzhEyFmkFWMEY" : {
			"Chapter_7_ambanker_2021_02_24T15_05_08_864Z_SP_2021_TDF_xml" : [
				18,
				20,
				22,
				28,
				30,
				32
			],
			"Chapter_5_ambanker_2021_02_24T15_04_32_954Z_SP_2021_TDF_xml" : [
				18,
				20,
				22,
				24,
				26,
				28,
				30,
				32,
				34,
				36,
				38,
				40,
				42,
				44,
				46
			],
			"Chapter_11_ambanker_2021_02_24T15_06_33_763Z_SP_2021_TDF_xml" : [
				18,
				20,
				22
			]
		},
		"Ytz9WwZ9rxg2zgFir" : {
			"Chapter_19_ambanker_2020_10_09T15_16_38_309Z_SP_2021_TDF_xml" : [
				18,
				20,
				26,
				28,
				30,
				32,
				34,
				36,
				38,
				40,
				42,
				44,
				46,
				48,
				50
			],
			"Chapter_16_ambanker_2020_11_09T03_42_56_411Z_SP_2021_TDF_xml" : [
				18,
				20,
				22,
				24,
				26,
				28,
				30,
				32,
				34,
				36,
				38,
				40,
				42,
				44,
				46
			],
			"Chapter_20_ambanker_2020_12_03T04_20_32_769Z_SP_2021_TDF_xml" : [
				19,
				21,
				23,
				25,
				27,
				29,
				31,
				33,
				35,
				37,
				39,
				41,
				43,
				45,
				47
			]
		},
		"p68mgf9k5WrLB8pan" : {
			"Chapter_5_ambanker_2021_02_24T15_04_32_954Z_SP_2021_TDF_xml" : [
				18,
				20,
				22,
				24,
				26,
				28,
				30,
				32,
				34,
				36,
				38,
				40,
				42,
				44,
				46
			]
		},
		"NM2MQSwSEd5ap5HBY" : {
			"Chapter_11_ambanker_2021_02_24T15_06_33_763Z_SP_2021_TDF_xml" : [
				18
			]
		},
		"XDwthdxLEJj8bNZMT" : {
			"Chapter_10_ambanker_2021_02_24T15_06_11_642Z_SP_2021_TDF_xml" : [
				18,
				20,
				22,
				24,
				26,
				28,
				30,
				32,
				34,
				36,
				38,
				40,
				42,
				44,
				46
			]
		},
		"fbMDzWk9K9F9geLWA" : {
			"Chapter_20_ambanker_2020_12_03T04_20_32_769Z_SP_2021_TDF_xml" : [
				18,
				20,
				26,
				28,
				30,
				32,
				34,
				36,
				38,
				40,
				42,
				44,
				46,
				48,
				50
			]
		},
		"eF7GXhojbe68dbYwu" : {
			"Chapter_5_ambanker_2021_02_24T15_04_32_954Z_SP_2021_TDF_xml" : [
				18
			]
		}
	},
	[ ]
]
