Chapter_10_ambanker_2020_11_11T15_34_31_278Z_SU_2021_TDF.json
processing...
writing file:  Chapter_10_ambanker_2020_11_11T15_34_31_278Z_SU_2021_TDF.json
Chapter_14_ambanker_2020_10_19T20_56_08_150Z_SU_2021_TDF.json
processing...
writing file:  Chapter_14_ambanker_2020_10_19T20_56_08_150Z_SU_2021_TDF.json
Chapter_15_ambanker_2020_10_19T21_01_26_470Z_SU_2021_TDF.json
processing...
writing file:  Chapter_15_ambanker_2020_10_19T21_01_26_470Z_SU_2021_TDF.json
Chapter_19_ambanker_2020_10_09T15_16_38_309Z_SU_2021_TDF.json
processing...
writing file:  Chapter_19_ambanker_2020_10_09T15_16_38_309Z_SU_2021_TDF.json
Chapter_7_ambanker_2020_10_14T19_52_13_812Z_SU_2021_TDF.json
processing...
writing file:  Chapter_7_ambanker_2020_10_14T19_52_13_812Z_SU_2021_TDF.json
Chapter_8_ambanker_2020_10_14T19_55_11_590Z_SU_2021_TDF.json
processing...
writing file:  Chapter_8_ambanker_2020_10_14T19_55_11_590Z_SU_2021_TDF.json
Chapter_9_ambanker_2020_10_26T14_29_30_552Z_SU_2021_TDF.json
processing...
writing file:  Chapter_9_ambanker_2020_10_26T14_29_30_552Z_SU_2021_TDF.json
SU_2021IESch10_10_percent.json
processing...
writing file:  SU_2021IESch10_10_percent.json
SU_2021IESch11_10_percent.json
processing...
writing file:  SU_2021IESch11_10_percent.json
SU_2021IESch12_10_percent.json
processing...
writing file:  SU_2021IESch12_10_percent.json
SU_2021IESch13_10_percent.json
processing...
writing file:  SU_2021IESch13_10_percent.json
SU_2021IESch14_10_percent.json
processing...
writing file:  SU_2021IESch14_10_percent.json
SU_2021IESch15_10_percent.json
processing...
writing file:  SU_2021IESch15_10_percent.json
SU_2021IESch16_10_percent.json
processing...
writing file:  SU_2021IESch16_10_percent.json
SU_2021IESch17_10_percent.json
processing...
writing file:  SU_2021IESch17_10_percent.json
SU_2021IESch18_10_percent.json
processing...
writing file:  SU_2021IESch18_10_percent.json
SU_2021IESch19_10_percent.json
processing...
writing file:  SU_2021IESch19_10_percent.json
SU_2021IESch1_10_percent.json
processing...
writing file:  SU_2021IESch1_10_percent.json
SU_2021IESch20_10_percent.json
processing...
writing file:  SU_2021IESch20_10_percent.json
SU_2021IESch21_10_percent.json
processing...
writing file:  SU_2021IESch21_10_percent.json
SU_2021IESch22_10_percent.json
processing...
writing file:  SU_2021IESch22_10_percent.json
SU_2021IESch23_10_percent.json
processing...
writing file:  SU_2021IESch23_10_percent.json
SU_2021IESch24_10_percent.json
processing...
writing file:  SU_2021IESch24_10_percent.json
SU_2021IESch2_10_percent.json
processing...
writing file:  SU_2021IESch2_10_percent.json
SU_2021IESch3_10_percent.json
processing...
writing file:  SU_2021IESch3_10_percent.json
SU_2021IESch4_10_percent.json
processing...
writing file:  SU_2021IESch4_10_percent.json
SU_2021IESch5_10_percent.json
processing...
writing file:  SU_2021IESch5_10_percent.json
SU_2021IESch6_10_percent.json
processing...
writing file:  SU_2021IESch6_10_percent.json
SU_2021IESch7_10_percent.json
processing...
writing file:  SU_2021IESch7_10_percent.json
SU_2021IESch8_10_percent.json
processing...
writing file:  SU_2021IESch8_10_percent.json
SU_2021IESch9_10_percent.json
processing...
writing file:  SU_2021IESch9_10_percent.json
done!
